============================= test session starts =============================
platform win32 -- Python 3.12.7, pytest-8.4.2, pluggy-1.6.0 -- C:\Users\npmvl-KP\AppData\Local\pypoetry\Cache\virtualenvs\iatb-enkvpHiN-py3.12\Scripts\python.exe
cachedir: .pytest_cache
hypothesis profile 'default'
rootdir: G:\IATB-02Apr26\IATB
configfile: pyproject.toml
testpaths: tests
plugins: anyio-4.13.0, hypothesis-6.151.11, asyncio-0.23.8, cov-4.1.0, xdist-3.8.0
asyncio: mode=Mode.AUTO
collecting ... collected 4894 items

tests/backtesting/test_event_driven.py::test_event_driven_backtester_builds_equity_curve PASSED [  0%]
tests/backtesting/test_event_driven.py::test_event_driven_backtester_rejects_non_positive_equity PASSED [  0%]
tests/backtesting/test_event_driven.py::test_event_driven_default_runner_requires_openengine PASSED [  0%]
tests/backtesting/test_event_driven.py::test_event_driven_default_runner_requires_callable PASSED [  0%]
tests/backtesting/test_forward_test.py::test_forward_tester_runs_paper_trade_window PASSED [  0%]
tests/backtesting/test_forward_test.py::test_forward_tester_rejects_invalid_config PASSED [  0%]
tests/backtesting/test_indian_costs.py::test_calculate_indian_costs_equity_delivery PASSED [  0%]
tests/backtesting/test_indian_costs.py::test_calculate_indian_costs_mcx_uses_mcx_exchange_rate PASSED [  0%]
tests/backtesting/test_indian_costs.py::test_calculate_indian_costs_rejects_invalid_inputs PASSED [  0%]
tests/backtesting/test_monte_carlo.py::test_monte_carlo_analyzer_runs_with_seeded_permutations PASSED [  0%]
tests/backtesting/test_monte_carlo.py::test_monte_carlo_analyzer_rejects_invalid_inputs PASSED [  0%]
tests/backtesting/test_monte_carlo.py::test_monte_carlo_zero_dispersion_returns_zero_sharpe PASSED [  0%]
tests/backtesting/test_report.py::test_quantstats_reporter_uses_custom_renderer PASSED [  0%]
tests/backtesting/test_report.py::test_quantstats_reporter_rejects_invalid_inputs PASSED [  0%]
tests/backtesting/test_report.py::test_quantstats_reporter_requires_dependency PASSED [  0%]
tests/backtesting/test_report.py::test_quantstats_reporter_requires_html_callable PASSED [  0%]
tests/backtesting/test_report.py::test_quantstats_reporter_calls_html_function PASSED [  0%]
tests/backtesting/test_session_masks.py::test_is_in_session_detects_nse_open_window PASSED [  0%]
tests/backtesting/test_session_masks.py::test_filter_timestamps_in_session_keeps_only_active_timestamps PASSED [  0%]
tests/backtesting/test_session_masks.py::test_session_masks_reject_unsupported_exchange PASSED [  0%]
tests/backtesting/test_vectorbt_engine.py::TestVectorBTConfig::test_default_config PASSED [  0%]
tests/backtesting/test_vectorbt_engine.py::TestVectorBTConfig::test_zero_initial_capital PASSED [  0%]
tests/backtesting/test_vectorbt_engine.py::TestVectorBTConfig::test_negative_slippage PASSED [  0%]
tests/backtesting/test_vectorbt_engine.py::TestVectorBTConfig::test_negative_commission PASSED [  0%]
tests/backtesting/test_vectorbt_engine.py::TestVectorBTConfig::test_composite_score_out_of_range PASSED [  0%]
tests/backtesting/test_vectorbt_engine.py::TestVectorBTConfig::test_train_pct_boundary PASSED [  0%]
tests/backtesting/test_vectorbt_engine.py::TestVectorBTConfig::test_train_pct_upper PASSED [  0%]
tests/backtesting/test_vectorbt_engine.py::TestVectorBTConfig::test_test_pct_boundary PASSED [  0%]
tests/backtesting/test_vectorbt_engine.py::TestVectorBTConfig::test_num_simulations_zero PASSED [  0%]
tests/backtesting/test_vectorbt_engine.py::TestVectorBTConfig::test_valid_custom_config PASSED [  0%]
tests/backtesting/test_vectorbt_engine.py::TestVectorBTEngine::test_engine_init PASSED [  0%]
tests/backtesting/test_vectorbt_engine.py::TestVectorBTEngine::test_run_backtest_too_few_prices PASSED [  0%]
tests/backtesting/test_vectorbt_engine.py::TestVectorBTEngine::test_run_backtest_length_mismatch PASSED [  0%]
tests/backtesting/test_vectorbt_engine.py::TestVectorBTEngine::test_run_backtest_scores_length_mismatch PASSED [  0%]
tests/backtesting/test_vectorbt_engine.py::TestVectorBTEngine::test_run_backtest_probs_length_mismatch PASSED [  0%]
tests/backtesting/test_vectorbt_engine.py::TestVectorBTEngine::test_run_backtest_no_valid_sessions PASSED [  0%]
tests/backtesting/test_vectorbt_engine.py::TestVectorBTEngine::test_run_backtest_empty_trades PASSED [  0%]
tests/backtesting/test_vectorbt_engine.py::TestVectorBTEngine::test_run_backtest_with_signals PASSED [  0%]
tests/backtesting/test_vectorbt_engine.py::TestVectorBTEngine::test_calculate_degradation_positive PASSED [  0%]
tests/backtesting/test_vectorbt_engine.py::TestVectorBTEngine::test_calculate_degradation_zero_train PASSED [  0%]
tests/backtesting/test_vectorbt_engine.py::TestVectorBTEngine::test_calculate_degradation_negative PASSED [  0%]
tests/backtesting/test_vectorbt_engine.py::TestVectorBTEngine::test_build_equity_curve PASSED [  0%]
tests/backtesting/test_vectorbt_engine.py::TestVectorBTEngine::test_calculate_max_drawdown PASSED [  0%]
tests/backtesting/test_vectorbt_engine.py::TestVectorBTEngine::test_calculate_max_drawdown_empty PASSED [  0%]
tests/backtesting/test_vectorbt_engine.py::TestVectorBTEngine::test_calculate_max_drawdown_no_drawdown PASSED [  0%]
tests/backtesting/test_vectorbt_engine.py::TestVectorBTEngine::test_shuffle_returns PASSED [  0%]
tests/backtesting/test_vectorbt_engine.py::TestVectorBTEngine::test_apply_shuffled_returns_empty PASSED [  0%]
tests/backtesting/test_vectorbt_engine.py::TestVectorBTEngine::test_apply_shuffled_returns_basic PASSED [  0%]
tests/backtesting/test_vectorbt_engine.py::TestVectorBTEngine::test_create_session_mask_empty PASSED [  1%]
tests/backtesting/test_vectorbt_engine.py::TestVectorBTEngine::test_apply_session_mask PASSED [  1%]
tests/backtesting/test_vectorbt_engine.py::TestVectorBTEngine::test_generate_signals PASSED [  1%]
tests/backtesting/test_vectorbt_engine.py::TestVectorBTEngine::test_empty_result_structure PASSED [  1%]
tests/backtesting/test_vectorbt_engine.py::TestVectorBTEngine::test_walk_forward_too_few_prices PASSED [  1%]
tests/backtesting/test_vectorbt_engine.py::TestVectorBTEngine::test_calculate_trade_statistics_all_winners PASSED [  1%]
tests/backtesting/test_vectorbt_engine.py::TestVectorBTEngine::test_calculate_trade_statistics_all_losers PASSED [  1%]
tests/backtesting/test_vectorbt_engine.py::TestVectorBTEngine::test_calculate_sharpe_zero_std PASSED [  1%]
tests/backtesting/test_vectorbt_engine.py::TestVectorBTEngine::test_calculate_cagr_single_timestamp PASSED [  1%]
tests/backtesting/test_vectorbt_engine.py::TestVectorBTEngine::test_calculate_timing_empty PASSED [  1%]
tests/backtesting/test_vectorbt_engine.py::TestBacktestResult::test_backtest_result_creation PASSED [  1%]
tests/backtesting/test_vectorized.py::test_vectorized_backtester_runs_parameter_sweep PASSED [  1%]
tests/backtesting/test_vectorized.py::test_vectorized_backtester_rejects_invalid_inputs PASSED [  1%]
tests/backtesting/test_vectorized.py::test_vectorized_default_evaluator_requires_vectorbt_dependency PASSED [  1%]
tests/backtesting/test_vectorized.py::test_vectorized_backtester_with_single_parameter PASSED [  1%]
tests/backtesting/test_vectorized.py::test_vectorized_backtester_with_multiple_parameters PASSED [  1%]
tests/backtesting/test_vectorized.py::test_vectorized_backtester_empty_result PASSED [  1%]
tests/backtesting/test_vectorized.py::test_vectorized_backtester_with_negative_scores PASSED [  1%]
tests/backtesting/test_walk_forward.py::test_walk_forward_optimizer_runs_expected_number_of_folds PASSED [  1%]
tests/backtesting/test_walk_forward.py::test_walk_forward_optimizer_detects_overfitting PASSED [  1%]
tests/backtesting/test_walk_forward.py::test_walk_forward_optimizer_rejects_invalid_configuration PASSED [  1%]
tests/backtesting/test_walk_forward.py::test_walk_forward_optimizer_requires_optuna_dependency PASSED [  1%]
tests/broker/test_base.py::TestOrder::test_order_creation PASSED         [  1%]
tests/broker/test_base.py::TestOrder::test_order_with_limit_price PASSED [  1%]
tests/broker/test_base.py::TestPosition::test_position_creation PASSED   [  1%]
tests/broker/test_base.py::TestMargin::test_margin_creation PASSED       [  1%]
tests/broker/test_base.py::TestEnums::test_exchange_enum PASSED          [  1%]
tests/broker/test_base.py::TestEnums::test_order_type_enum PASSED        [  1%]
tests/broker/test_base.py::TestEnums::test_order_status_enum PASSED      [  1%]
tests/broker/test_base.py::TestEnums::test_transaction_type_enum PASSED  [  1%]
tests/broker/test_base.py::TestEnums::test_product_type_enum PASSED      [  1%]
tests/broker/test_base.py::TestOrderImmutability::test_order_is_frozen PASSED [  1%]
tests/broker/test_base.py::TestPositionImmutability::test_position_is_frozen PASSED [  1%]
tests/broker/test_base.py::TestMarginImmutability::test_margin_is_frozen PASSED [  1%]
tests/broker/test_broker_interface.py::TestBrokerInterfaceCompliance::test_place_order_market_order_success PASSED [  1%]
tests/broker/test_broker_interface.py::TestBrokerInterfaceCompliance::test_place_order_limit_order_with_price PASSED [  1%]
tests/broker/test_broker_interface.py::TestBrokerInterfaceCompliance::test_place_order_stop_loss_with_trigger_price PASSED [  1%]
tests/broker/test_broker_interface.py::TestBrokerInterfaceCompliance::test_place_order_delivery_product_type PASSED [  1%]
tests/broker/test_broker_interface.py::TestBrokerInterfaceCompliance::test_cancel_order_success PASSED [  1%]
tests/broker/test_broker_interface.py::TestBrokerInterfaceCompliance::test_get_positions_returns_list PASSED [  1%]
tests/broker/test_broker_interface.py::TestBrokerInterfaceCompliance::test_get_orders_returns_list PASSED [  1%]
tests/broker/test_broker_interface.py::TestBrokerInterfaceCompliance::test_get_margins_returns_margin_details PASSED [  1%]
tests/broker/test_broker_interface.py::TestBrokerInterfaceCompliance::test_get_order_history_with_date_range PASSED [  1%]
tests/broker/test_broker_interface.py::TestBrokerInterfaceCompliance::test_get_holdings_returns_list PASSED [  1%]
tests/broker/test_broker_interface.py::TestBrokerInterfaceCompliance::test_modify_order_price_and_quantity PASSED [  1%]
tests/broker/test_broker_interface.py::TestBrokerInterfaceCompliance::test_get_quote_returns_quote_data PASSED [  1%]
tests/broker/test_broker_interface.py::TestBrokerInterfaceCompliance::test_place_order_invalid_quantity_raises_error PASSED [  1%]
tests/broker/test_broker_interface.py::TestBrokerInterfaceCompliance::test_place_order_missing_limit_price_raises_error PASSED [  1%]
tests/broker/test_broker_interface.py::TestBrokerInterfaceCompliance::test_cancel_order_invalid_id_raises_error PASSED [  1%]
tests/broker/test_broker_interface.py::TestBrokerInterfaceCompliance::test_cancel_already_executed_order_raises_error PASSED [  2%]
tests/broker/test_broker_interface.py::TestBrokerInterfaceCompliance::test_get_positions_failure_raises_runtime_error PASSED [  2%]
tests/broker/test_broker_interface.py::TestBrokerInterfaceCompliance::test_modify_order_invalid_parameters_raises_error PASSED [  2%]
tests/broker/test_broker_interface.py::TestBrokerInterfaceCompliance::test_order_price_maintains_decimal_precision PASSED [  2%]
tests/broker/test_broker_interface.py::TestBrokerInterfaceCompliance::test_margin_values_use_decimal_precision PASSED [  2%]
tests/broker/test_broker_interface.py::TestBrokerInterfaceCompliance::test_position_pnl_uses_decimal_precision PASSED [  2%]
tests/broker/test_broker_interface.py::TestBrokerInterfaceCompliance::test_order_timestamp_is_utc_aware PASSED [  2%]
tests/broker/test_broker_interface.py::TestBrokerInterfaceCompliance::test_order_type_enum_values PASSED [  2%]
tests/broker/test_broker_interface.py::TestBrokerInterfaceCompliance::test_order_status_enum_values PASSED [  2%]
tests/broker/test_broker_interface.py::TestBrokerInterfaceCompliance::test_transaction_type_enum_values PASSED [  2%]
tests/broker/test_broker_interface.py::TestBrokerInterfaceCompliance::test_product_type_enum_values PASSED [  2%]
tests/broker/test_broker_interface.py::TestBrokerInterfaceCompliance::test_exchange_enum_values PASSED [  2%]
tests/broker/test_broker_interface.py::TestBrokerInterfaceCompliance::test_place_order_zero_quantity_raises_error PASSED [  2%]
tests/broker/test_broker_interface.py::TestBrokerInterfaceCompliance::test_get_empty_positions_list PASSED [  2%]
tests/broker/test_broker_interface.py::TestBrokerInterfaceCompliance::test_get_empty_orders_list PASSED [  2%]
tests/broker/test_broker_interface.py::TestBrokerInterfaceCompliance::test_modify_order_no_changes PASSED [  2%]
tests/broker/test_broker_interface.py::TestBrokerInterfaceCompliance::test_get_order_history_no_dates PASSED [  2%]
tests/broker/test_broker_interface.py::TestBrokerInterfaceCompliance::test_all_externall_apis_are_mocked PASSED [  2%]
tests/broker/test_broker_interface.py::TestBrokerInterfaceCompliance::test_mock_isolation_no_external_calls PASSED [  2%]
tests/broker/test_token_manager.py::test_init_token_manager PASSED       [  2%]
tests/broker/test_token_manager.py::test_is_token_fresh_no_token PASSED  [  2%]
tests/broker/test_token_manager.py::test_is_token_fresh_no_timestamp PASSED [  2%]
tests/broker/test_token_manager.py::test_is_token_fresh_invalid_timestamp PASSED [  2%]
tests/broker/test_token_manager.py::test_is_token_fresh_expired PASSED   [  2%]
tests/broker/test_token_manager.py::test_is_token_fresh_valid PASSED     [  2%]
tests/broker/test_token_manager.py::test_get_login_url PASSED            [  2%]
tests/broker/test_token_manager.py::test_exchange_request_token_success PASSED [  2%]
tests/broker/test_token_manager.py::test_exchange_request_token_no_access_token PASSED [  2%]
tests/broker/test_token_manager.py::test_store_access_token PASSED       [  2%]
tests/broker/test_token_manager.py::test_generate_totp_success PASSED    [  2%]
tests/broker/test_token_manager.py::test_generate_totp_no_secret PASSED  [  2%]
tests/broker/test_token_manager.py::test_get_totp PASSED                 [  2%]
tests/broker/test_token_manager.py::test_clear_token PASSED              [  2%]
tests/broker/test_token_manager.py::test_clear_token_handles_error PASSED [  2%]
tests/broker/test_token_manager.py::test_get_next_expiry_utc_same_day PASSED [  2%]
tests/broker/test_token_manager.py::test_get_next_expiry_utc_next_day PASSED [  2%]
tests/broker/test_token_manager.py::test_default_http_post PASSED        [  2%]
tests/broker/test_token_manager.py::test_exchange_request_token_url_encodes_payload PASSED [  2%]
tests/broker/test_token_manager.py::test_exchange_request_token_handles_plus_equals PASSED [  2%]
tests/broker/test_token_manager.py::test_exchange_request_token_handles_spaces PASSED [  2%]
tests/broker/test_token_manager.py::test_exchange_request_token_body_is_bytes PASSED [  2%]
tests/broker/test_token_manager.py::test_get_access_token_from_keyring PASSED [  2%]
tests/broker/test_token_manager.py::test_get_access_token_from_env_var_zerodha PASSED [  2%]
tests/broker/test_token_manager.py::test_get_access_token_from_env_var_kite_alias PASSED [  2%]
tests/broker/test_token_manager.py::test_get_access_token_from_env_file PASSED [  2%]
tests/broker/test_token_manager.py::test_get_access_token_no_token_available PASSED [  2%]
tests/broker/test_token_manager.py::test_get_access_token_precedence_keyring_first PASSED [  2%]
tests/broker/test_token_manager.py::test_get_kite_client_with_provided_token PASSED [  2%]
tests/broker/test_token_manager.py::test_get_kite_client_auto_retrieves_token PASSED [  2%]
tests/broker/test_token_manager.py::test_get_kite_client_no_token_available PASSED [  3%]
tests/broker/test_token_manager.py::test_get_kite_client_kiteconnect_not_installed PASSED [  3%]
tests/broker/test_token_manager.py::test_resolve_env_path_current_dir PASSED [  3%]
tests/broker/test_token_manager.py::test_resolve_env_path_parent_dir PASSED [  3%]
tests/broker/test_token_manager.py::test_resolve_env_path_not_found PASSED [  3%]
tests/broker/test_token_manager.py::test_load_env_file_success PASSED    [  3%]
tests/broker/test_token_manager.py::test_load_env_file_empty PASSED      [  3%]
tests/broker/test_token_manager.py::test_clear_env_token PASSED          [  3%]
tests/broker/test_token_manager.py::test_clear_env_token_kite_alias PASSED [  3%]
tests/broker/test_token_manager.py::test_clear_token_removes_from_env_file PASSED [  3%]
tests/broker/test_token_manager.py::test_token_store_path_property PASSED [  3%]
tests/broker/test_token_manager.py::test_clear_token_no_env_file PASSED  [  3%]
tests/broker/test_token_manager.py::test_get_access_token_expired_keyring_falls_back_to_env PASSED [  3%]
tests/broker/test_token_manager.py::test_get_access_token_no_env_fallback PASSED [  3%]
tests/broker/test_token_manager.py::test_get_access_token_no_env_file_found PASSED [  3%]
tests/broker/test_token_manager.py::test_resolve_saved_access_token_keyring_fresh PASSED [  3%]
tests/broker/test_token_manager.py::test_resolve_saved_access_token_env_file_stale PASSED [  3%]
tests/broker/test_token_manager.py::test_resolve_saved_access_token_no_token_in_env PASSED [  3%]
tests/broker/test_token_manager.py::test_resolve_saved_request_token_keyring_valid PASSED [  3%]
tests/broker/test_token_manager.py::test_resolve_saved_request_token_env_file_stale PASSED [  3%]
tests/broker/test_token_manager.py::test_persist_session_tokens_without_request_token PASSED [  3%]
tests/broker/test_token_manager.py::test_persist_session_tokens_no_env_path PASSED [  3%]
tests/broker/test_token_manager.py::test_is_today_with_empty_string PASSED [  3%]
tests/broker/test_token_manager.py::test_is_today_with_invalid_date PASSED [  3%]
tests/broker/test_token_manager.py::test_is_today_with_whitespace PASSED [  3%]
tests/broker/test_token_manager.py::test_persist_env_updates_appends_new_keys PASSED [  3%]
tests/broker/test_token_manager.py::test_default_http_post_non_https_url PASSED [  3%]
tests/broker/test_zerodha_broker.py::TestZerodhaBrokerInit::test_init_with_token_manager PASSED [  3%]
tests/broker/test_zerodha_broker.py::TestZerodhaBrokerInit::test_init_without_token_manager_raises_error PASSED [  3%]
tests/broker/test_zerodha_broker.py::TestZerodhaBrokerInit::test_init_with_custom_rate_limiter PASSED [  3%]
tests/broker/test_zerodha_broker.py::TestZerodhaBrokerAuthentication::test_authenticate_success PASSED [  3%]
tests/broker/test_zerodha_broker.py::TestZerodhaBrokerAuthentication::test_authenticate_without_token_raises_error PASSED [  3%]
tests/broker/test_zerodha_broker.py::TestZerodhaBrokerAuthentication::test_ensure_authenticated_calls_authenticate PASSED [  3%]
tests/broker/test_zerodha_broker.py::TestZerodhaBrokerPlaceOrder::test_place_market_order PASSED [  3%]
tests/broker/test_zerodha_broker.py::TestZerodhaBrokerPlaceOrder::test_place_limit_order PASSED [  3%]
tests/broker/test_zerodha_broker.py::TestZerodhaBrokerPlaceOrder::test_place_stop_loss_order PASSED [  3%]
tests/broker/test_zerodha_broker.py::TestZerodhaBrokerPlaceOrder::test_place_limit_order_without_price_raises_error PASSED [  3%]
tests/broker/test_zerodha_broker.py::TestZerodhaBrokerPlaceOrder::test_place_stop_loss_without_trigger_price_raises_error PASSED [  3%]
tests/broker/test_zerodha_broker.py::TestZerodhaBrokerPlaceOrder::test_place_order_with_invalid_quantity_raises_error PASSED [  3%]
tests/broker/test_zerodha_broker.py::TestZerodhaBrokerPlaceOrder::test_place_order_with_different_product_types PASSED [  3%]
tests/broker/test_zerodha_broker.py::TestZerodhaBrokerCancelOrder::test_cancel_order_success PASSED [  3%]
tests/broker/test_zerodha_broker.py::TestZerodhaBrokerCancelOrder::test_cancel_order_without_order_id_raises_error PASSED [  3%]
tests/broker/test_zerodha_broker.py::TestZerodhaBrokerGetPositions::test_get_positions_empty PASSED [  3%]
tests/broker/test_zerodha_broker.py::TestZerodhaBrokerGetPositions::test_get_positions_with_data PASSED [  3%]
tests/broker/test_zerodha_broker.py::TestZerodhaBrokerGetPositions::test_get_positions_filters_zero_quantity PASSED [  3%]
tests/broker/test_zerodha_broker.py::TestZerodhaBrokerGetOrders::test_get_orders_empty PASSED [  3%]
tests/broker/test_zerodha_broker.py::TestZerodhaBrokerGetOrders::test_get_orders_with_data PASSED [  3%]
tests/broker/test_zerodha_broker.py::TestZerodhaBrokerGetMargins::test_get_margins PASSED [  3%]
tests/broker/test_zerodha_broker.py::TestZerodhaBrokerGetOrderHistory::test_get_order_history PASSED [  3%]
tests/broker/test_zerodha_broker.py::TestZerodhaBrokerGetOrderHistory::test_get_order_history_without_order_id_raises_error PASSED [  4%]
tests/broker/test_zerodha_broker.py::TestZerodhaBrokerGetHoldings::test_get_holdings PASSED [  4%]
tests/broker/test_zerodha_broker.py::TestZerodhaBrokerModifyOrder::test_modify_order_price PASSED [  4%]
tests/broker/test_zerodha_broker.py::TestZerodhaBrokerModifyOrder::test_modify_order_quantity PASSED [  4%]
tests/broker/test_zerodha_broker.py::TestZerodhaBrokerModifyOrder::test_modify_order_with_invalid_quantity_raises_error PASSED [  4%]
tests/broker/test_zerodha_broker.py::TestZerodhaBrokerModifyOrder::test_modify_order_without_order_id_raises_error PASSED [  4%]
tests/broker/test_zerodha_broker.py::TestZerodhaBrokerGetQuote::test_get_quote PASSED [  4%]
tests/broker/test_zerodha_broker.py::TestZerodhaBrokerGetQuote::test_get_quote_without_symbol_raises_error PASSED [  4%]
tests/broker/test_zerodha_broker.py::TestZerodhaBrokerTypeConversions::test_parse_exchange PASSED [  4%]
tests/broker/test_zerodha_broker.py::TestZerodhaBrokerTypeConversions::test_parse_order_type PASSED [  4%]
tests/broker/test_zerodha_broker.py::TestZerodhaBrokerTypeConversions::test_parse_transaction_type PASSED [  4%]
tests/broker/test_zerodha_broker.py::TestZerodhaBrokerTypeConversions::test_parse_product_type PASSED [  4%]
tests/broker/test_zerodha_broker.py::TestZerodhaBrokerTypeConversions::test_parse_order_status PASSED [  4%]
tests/broker/test_zerodha_broker.py::TestZerodhaBrokerTypeConversions::test_parse_exchange_from_str PASSED [  4%]
tests/broker/test_zerodha_broker.py::TestZerodhaBrokerTypeConversions::test_parse_order_type_from_str PASSED [  4%]
tests/broker/test_zerodha_broker.py::TestZerodhaBrokerTypeConversions::test_parse_transaction_type_from_str PASSED [  4%]
tests/broker/test_zerodha_broker.py::TestZerodhaBrokerTypeConversions::test_parse_product_type_from_str PASSED [  4%]
tests/broker/test_zerodha_broker.py::TestZerodhaBrokerErrorHandling::test_place_order_api_failure PASSED [  4%]
tests/broker/test_zerodha_broker.py::TestZerodhaBrokerErrorHandling::test_cancel_order_api_failure PASSED [  4%]
tests/broker/test_zerodha_broker.py::TestZerodhaBrokerErrorHandling::test_get_quote_empty_response PASSED [  4%]
tests/core/observability/test_alerting.py::TestAlert::test_creation_defaults PASSED [  4%]
tests/core/observability/test_alerting.py::TestAlert::test_creation_with_all_fields PASSED [  4%]
tests/core/observability/test_alerting.py::TestAlertLevel::test_values PASSED [  4%]
tests/core/observability/test_alerting.py::TestAlertLevel::test_is_strenum PASSED [  4%]
tests/core/observability/test_alerting.py::TestAlertType::test_values PASSED [  4%]
tests/core/observability/test_alerting.py::TestAlertType::test_is_strenum PASSED [  4%]
tests/core/observability/test_alerting.py::TestAlertThrottler::test_first_send_allowed PASSED [  4%]
tests/core/observability/test_alerting.py::TestAlertThrottler::test_second_send_throttled PASSED [  4%]
tests/core/observability/test_alerting.py::TestAlertThrottler::test_different_rules_not_throttled PASSED [  4%]
tests/core/observability/test_alerting.py::TestAlertThrottler::test_reset_allows_resend PASSED [  4%]
tests/core/observability/test_alerting.py::TestAlertThrottler::test_reset_all PASSED [  4%]
tests/core/observability/test_alerting.py::TestAlertAcknowledgmentTracker::test_register_and_acknowledge PASSED [  4%]
tests/core/observability/test_alerting.py::TestAlertAcknowledgmentTracker::test_acknowledge_nonexistent PASSED [  4%]
tests/core/observability/test_alerting.py::TestAlertAcknowledgmentTracker::test_get_unacknowledged PASSED [  4%]
tests/core/observability/test_alerting.py::TestAlertAcknowledgmentTracker::test_cleanup_old_alerts PASSED [  4%]
tests/core/observability/test_alerting.py::TestAlertRulesEngine::test_default_rules_initialized PASSED [  4%]
tests/core/observability/test_alerting.py::TestAlertRulesEngine::test_evaluate_token_expiry_triggered PASSED [  4%]
tests/core/observability/test_alerting.py::TestAlertRulesEngine::test_evaluate_no_trigger PASSED [  4%]
tests/core/observability/test_alerting.py::TestAlertRulesEngine::test_add_and_remove_rule PASSED [  4%]
tests/core/observability/test_alerting.py::TestAlertRulesEngine::test_disabled_rule_not_evaluated PASSED [  4%]
tests/core/observability/test_alerting.py::TestMultiChannelAlertManager::test_send_alert_with_no_channels PASSED [  4%]
tests/core/observability/test_alerting.py::TestMultiChannelAlertManager::test_send_alert_throttled PASSED [  4%]
tests/core/observability/test_alerting.py::TestMultiChannelAlertManager::test_evaluate_and_alert PASSED [  4%]
tests/core/observability/test_alerting.py::TestMultiChannelAlertManager::test_acknowledge PASSED [  4%]
tests/core/observability/test_alerting.py::TestMultiChannelAlertManager::test_get_unacknowledged PASSED [  4%]
tests/core/observability/test_alerting.py::TestGetAlerter::test_returns_singleton PASSED [  4%]
tests/core/observability/test_alerting.py::TestGetMultiChannelManager::test_returns_singleton PASSED [  4%]
tests/core/observability/test_alerting.py::TestTelegramAlerterRateLimiting::test_rate_limiting_enforced PASSED [  4%]
tests/core/observability/test_alerting.py::TestTelegramAlerterRateLimiting::test_rate_limiting_resets_after_minute PASSED [  4%]
tests/core/observability/test_alerting.py::TestTelegramAlerterRateLimiting::test_empty_message_rejected PASSED [  5%]
tests/core/observability/test_alerting.py::TestTelegramAlerterKillSwitchAlert::test_send_kill_switch_alert PASSED [  5%]
tests/core/observability/test_alerting.py::TestTelegramAlerterKillSwitchAlert::test_send_kill_switch_alert_rejects_naive_datetime PASSED [  5%]
tests/core/observability/test_alerting.py::TestConsolidatedImports::test_alert_level_importable_from_deprecated_module PASSED [  5%]
tests/core/observability/test_alerting.py::TestConsolidatedImports::test_alert_type_importable_from_deprecated_module PASSED [  5%]
tests/core/observability/test_alerting.py::TestConsolidatedImports::test_telegram_alerter_importable_from_deprecated_module PASSED [  5%]
tests/core/observability/test_logging_config.py::TestGetLogger::test_returns_logger PASSED [  5%]
tests/core/observability/test_logging_config.py::TestLogContext::test_context_adds_attributes PASSED [  5%]
tests/core/observability/test_logging_config.py::TestSetupStructuredLogging::test_returns_root_logger PASSED [  5%]
tests/core/observability/test_metrics.py::TestInitializeMetrics::test_sets_app_info PASSED [  5%]
tests/core/observability/test_metrics.py::TestRecordTrade::test_records_trade PASSED [  5%]
tests/core/observability/test_metrics.py::TestUpdateOpenPositions::test_updates_positions PASSED [  5%]
tests/core/observability/test_metrics.py::TestRecordDataSourceRequest::test_records_request PASSED [  5%]
tests/core/observability/test_metrics.py::TestRecordDataSourceFallback::test_records_fallback PASSED [  5%]
tests/core/observability/test_metrics.py::TestUpdateDataFreshness::test_updates_freshness PASSED [  5%]
tests/core/observability/test_metrics.py::TestUpdateKiteTokenFreshness::test_updates_freshness PASSED [  5%]
tests/core/observability/test_metrics.py::TestTrackExecutionTime::test_decorator PASSED [  5%]
tests/core/observability/test_trace_log_correlation.py::TestTraceLogCorrelation::test_trace_log_correlation_within_span PASSED [  5%]
tests/core/observability/test_trace_log_correlation.py::TestTraceLogCorrelation::test_trace_log_correlation_outside_span PASSED [  5%]
tests/core/observability/test_tracing.py::TestGetTracer::test_returns_tracer PASSED [  5%]
tests/core/observability/test_tracing.py::TestAddSpanAttributes::test_no_active_span PASSED [  5%]
tests/core/observability/test_tracing.py::TestRecordException::test_no_active_span PASSED [  5%]
tests/core/test_clock.py::TestClock::test_now_returns_utc_timestamp PASSED [  5%]
tests/core/test_clock.py::TestClock::test_to_utc_with_naive_datetime PASSED [  5%]
tests/core/test_clock.py::TestClock::test_to_utc_with_aware_datetime PASSED [  5%]
tests/core/test_clock.py::TestClock::test_to_ist PASSED                  [  5%]
tests/core/test_clock.py::TestClock::test_to_ist_naive_raises_error PASSED [  5%]
tests/core/test_clock.py::TestClock::test_ist_to_utc PASSED              [  5%]
tests/core/test_clock.py::TestClock::test_ist_to_utc_aware_raises_error PASSED [  5%]
tests/core/test_clock.py::TestTradingSessions::test_nse_session_times PASSED [  5%]
tests/core/test_clock.py::TestTradingSessions::test_bse_session_times PASSED [  5%]
tests/core/test_clock.py::TestTradingSessions::test_mcx_session_times PASSED [  5%]
tests/core/test_clock.py::TestTradingSessions::test_cds_session_times PASSED [  5%]
tests/core/test_clock.py::TestTradingSessions::test_invalid_exchange_raises_error PASSED [  5%]
tests/core/test_clock.py::TestTradingSessions::test_is_market_open_during_nse_hours PASSED [  5%]
tests/core/test_clock.py::TestTradingSessions::test_is_market_closed_outside_nse_hours PASSED [  5%]
tests/core/test_clock.py::TestTradingSessions::test_is_market_open_during_mcx_hours PASSED [  5%]
tests/core/test_clock.py::TestTradingSessions::test_is_market_open_during_cds_hours PASSED [  5%]
tests/core/test_clock.py::TestTradingSessions::test_is_market_open_naive_raises_error PASSED [  5%]
tests/core/test_clock.py::TestTradingSessions::test_is_market_open_non_utc_raises_error PASSED [  5%]
tests/core/test_clock.py::TestTradingSessions::test_is_market_open_unsupported_exchange_returns_false PASSED [  5%]
tests/core/test_clock.py::TestTradingSessions::test_is_trading_day_weekday PASSED [  5%]
tests/core/test_clock.py::TestTradingSessions::test_is_trading_day_weekend PASSED [  5%]
tests/core/test_clock.py::TestTradingSessions::test_is_trading_day_holiday PASSED [  5%]
tests/core/test_clock.py::TestTradingSessions::test_is_trading_day_unsupported_exchange_returns_false PASSED [  5%]
tests/core/test_clock.py::TestTradingSessions::test_is_trading_day_naive_raises_error PASSED [  5%]
tests/core/test_clock.py::TestTradingSessions::test_next_open_time_before_market_open PASSED [  5%]
tests/core/test_clock.py::TestTradingSessions::test_next_open_time_during_market_hours PASSED [  5%]
tests/core/test_clock.py::TestTradingSessions::test_next_open_time_after_market_close PASSED [  5%]
tests/core/test_clock.py::TestTradingSessions::test_next_open_time_weekend PASSED [  6%]
tests/core/test_clock.py::TestTradingSessions::test_next_open_time_naive_raises_error PASSED [  6%]
tests/core/test_clock.py::TestTradingSessions::test_next_open_time_unsupported_exchange_raises_error PASSED [  6%]
tests/core/test_clock.py::TestTradingSessions::test_holiday_market_closed_during_regular_hours PASSED [  6%]
tests/core/test_clock.py::TestTradingSessions::test_special_session_market_open PASSED [  6%]
tests/core/test_clock.py::TestTradingSessions::test_get_session_times_missing_calendar_entry_raises_error PASSED [  6%]
tests/core/test_clock.py::TestTradingSessions::test_next_open_time_resolution_failure_raises_error PASSED [  6%]
tests/core/test_clock_drift_detection.py::TestClockDriftDetector::test_clock_drift_detector_initialization PASSED [  6%]
tests/core/test_clock_drift_detection.py::TestClockDriftDetector::test_default_ntp_servers PASSED [  6%]
tests/core/test_clock_drift_detection.py::TestClockDriftDetector::test_default_drift_threshold PASSED [  6%]
tests/core/test_clock_drift_detection.py::TestClockDriftDetector::test_check_drift_returns_timedelta PASSED [  6%]
tests/core/test_clock_drift_detection.py::TestClockDriftDetector::test_check_drift_updates_sync_count PASSED [  6%]
tests/core/test_clock_drift_detection.py::TestClockDriftDetector::test_check_drift_handles_ntp_failure PASSED [  6%]
tests/core/test_clock_drift_detection.py::TestClockDriftDetector::test_drift_exceeds_threshold PASSED [  6%]
tests/core/test_clock_drift_detection.py::TestClockDriftDetector::test_drift_within_threshold PASSED [  6%]
tests/core/test_clock_drift_detection.py::TestClockDriftDetector::test_get_sync_status PASSED [  6%]
tests/core/test_clock_drift_detection.py::TestClockDriftDetector::test_get_sync_status_before_sync PASSED [  6%]
tests/core/test_clock_drift_detection.py::TestClockDriftDetector::test_query_ntp_time_fallback_to_next_server PASSED [  6%]
tests/core/test_clock_drift_detection.py::TestClockDriftDetector::test_query_ntp_time_all_servers_fail PASSED [  6%]
tests/core/test_clock_drift_detection.py::TestClockDriftDetector::test_query_ntp_server_invalid_response PASSED [  6%]
tests/core/test_clock_drift_detection.py::TestClockDriftDetector::test_auto_correction_disabled_by_default PASSED [  6%]
tests/core/test_clock_drift_detection.py::TestClockDriftDetector::test_auto_correction_enabled PASSED [  6%]
tests/core/test_clock_drift_detection.py::TestClockDriftDetector::test_correct_drift_logs_correction PASSED [  6%]
tests/core/test_clock_drift_detection.py::TestClockDriftDetector::test_negative_drift_detected PASSED [  6%]
tests/core/test_clock_drift_detection.py::TestClockDriftDetector::test_zero_drift PASSED [  6%]
tests/core/test_clock_drift_detection.py::TestClockIntegration::test_set_drift_detector PASSED [  6%]
tests/core/test_clock_drift_detection.py::TestClockIntegration::test_get_drift_detector_none_by_default PASSED [  6%]
tests/core/test_clock_drift_detection.py::TestClockIntegration::test_clock_now_returns_utc_timestamp PASSED [  6%]
tests/core/test_clock_drift_detection.py::TestClockIntegration::test_clock_to_utc_with_naive_datetime PASSED [  6%]
tests/core/test_clock_drift_detection.py::TestClockIntegration::test_clock_to_utc_with_aware_datetime PASSED [  6%]
tests/core/test_clock_drift_detection.py::TestClockIntegration::test_clock_to_ist PASSED [  6%]
tests/core/test_clock_drift_detection.py::TestClockIntegration::test_clock_ist_to_utc PASSED [  6%]
tests/core/test_clock_drift_detection.py::TestClockIntegration::test_clock_to_utc_with_non_utc_timezone PASSED [  6%]
tests/core/test_clock_drift_detection.py::TestClockIntegration::test_clock_to_ist_with_naive_datetime_raises_error PASSED [  6%]
tests/core/test_clock_drift_detection.py::TestClockIntegration::test_clock_ist_to_utc_with_aware_datetime_raises_error PASSED [  6%]
tests/core/test_clock_drift_detection.py::TestTradingSessions::test_is_market_open_with_naive_datetime_raises_error PASSED [  6%]
tests/core/test_clock_drift_detection.py::TestTradingSessions::test_is_market_open_with_non_utc_datetime_raises_error PASSED [  6%]
tests/core/test_clock_drift_detection.py::TestTradingSessions::test_is_trading_day_with_naive_datetime_raises_error PASSED [  6%]
tests/core/test_clock_drift_detection.py::TestTradingSessions::test_is_trading_day_with_non_utc_datetime_raises_error PASSED [  6%]
tests/core/test_clock_drift_detection.py::TestTradingSessions::test_next_open_time_with_naive_datetime_raises_error PASSED [  6%]
tests/core/test_clock_drift_detection.py::TestTradingSessions::test_next_open_time_with_non_utc_datetime_raises_error PASSED [  6%]
tests/core/test_clock_drift_detection.py::TestTradingSessions::test_next_open_time_for_unsupported_exchange_raises_error PASSED [  6%]
tests/core/test_clock_drift_detection.py::TestTradingSessions::test_is_mis_session_active_with_naive_datetime_raises_error PASSED [  6%]
tests/core/test_clock_drift_detection.py::TestTradingSessions::test_is_mis_session_active_with_non_utc_datetime_raises_error PASSED [  6%]
tests/core/test_clock_drift_detection.py::TestTradingSessions::test_validate_product_type_with_naive_datetime_raises_error PASSED [  6%]
tests/core/test_clock_drift_detection.py::TestTradingSessions::test_validate_product_type_with_invalid_product_type_raises_error PASSED [  6%]
tests/core/test_clock_drift_detection.py::TestTradingSessions::test_validate_product_type_blocks_cnc_on_mis_exchange PASSED [  6%]
tests/core/test_clock_drift_detection.py::TestTradingSessions::test_validate_product_type_blocks_mis_when_not_active PASSED [  6%]
tests/core/test_clock_drift_detection.py::TestTradingSessions::test_get_mis_square_off_time_for_unsupported_exchange PASSED [  6%]
tests/core/test_clock_drift_detection.py::TestTradingSessions::test_get_mis_square_off_time_for_non_trading_day PASSED [  7%]
tests/core/test_config.py::TestTomlConfigLoading::test_toml_config_loaded_from_file PASSED [  7%]
tests/core/test_config.py::TestTomlConfigLoading::test_toml_config_missing_file_uses_defaults PASSED [  7%]
tests/core/test_config.py::TestTomlConfigLoading::test_toml_config_invalid_toml_uses_defaults PASSED [  7%]
tests/core/test_config.py::TestTomlConfigLoading::test_env_overrides_toml_config PASSED [  7%]
tests/core/test_config.py::TestTomlConfigLoading::test_dotenv_overrides_toml_config PASSED [  7%]
tests/core/test_config.py::TestTomlConfigLoading::test_toml_config_partial_sections PASSED [  7%]
tests/core/test_config.py::TestTomlConfigLoading::test_custom_values PASSED [  7%]
tests/core/test_config.py::TestTomlConfigLoading::test_valid_exchange PASSED [  7%]
tests/core/test_config.py::TestTomlConfigLoading::test_invalid_exchange_raises_error PASSED [  7%]
tests/core/test_config.py::TestTomlConfigLoading::test_valid_market_type PASSED [  7%]
tests/core/test_config.py::TestTomlConfigLoading::test_invalid_market_type_raises_error PASSED [  7%]
tests/core/test_config.py::TestTomlConfigLoading::test_positive_queue_size PASSED [  7%]
tests/core/test_config.py::TestTomlConfigLoading::test_zero_queue_size_raises_error PASSED [  7%]
tests/core/test_config.py::TestTomlConfigLoading::test_negative_queue_size_raises_error PASSED [  7%]
tests/core/test_config.py::TestTomlConfigLoading::test_positive_max_tasks PASSED [  7%]
tests/core/test_config.py::TestTomlConfigLoading::test_zero_max_tasks_raises_error PASSED [  7%]
tests/core/test_config.py::TestTomlConfigLoading::test_negative_max_tasks_raises_error PASSED [  7%]
tests/core/test_config.py::TestTomlConfigLoading::test_directories_created PASSED [  7%]
tests/core/test_config.py::TestTomlConfigLoading::test_directories_created_on_failure_raises_error PASSED [  7%]
tests/core/test_config.py::TestTomlConfigLoading::test_load_without_env_file PASSED [  7%]
tests/core/test_config.py::TestTomlConfigLoading::test_load_with_env_file PASSED [  7%]
tests/core/test_config.py::TestTomlConfigLoading::test_load_with_invalid_env_file_raises_error PASSED [  7%]
tests/core/test_config.py::TestTomlConfigLoading::test_directories_creation_failure_raises_error PASSED [  7%]
tests/core/test_config.py::TestExecutionMode::test_default_execution_mode_is_paper PASSED [  7%]
tests/core/test_config.py::TestExecutionMode::test_valid_execution_modes PASSED [  7%]
tests/core/test_config.py::TestExecutionMode::test_invalid_execution_mode_raises_error PASSED [  7%]
tests/core/test_config.py::TestExecutionMode::test_live_mode_without_enabled_flag_converts_to_paper PASSED [  7%]
tests/core/test_config.py::TestExecutionMode::test_live_mode_without_confirmation_rejects PASSED [  7%]
tests/core/test_config.py::TestExecutionMode::test_confirm_live_mode_with_valid_confirmation PASSED [  7%]
tests/core/test_config.py::TestExecutionMode::test_confirm_live_mode_already_confirmed PASSED [  7%]
tests/core/test_config.py::TestExecutionMode::test_paper_mode_remains_safest_default PASSED [  7%]
tests/core/test_config.py::TestExecutionMode::test_execution_mode_case_sensitivity PASSED [  7%]
tests/core/test_config.py::TestExecutionMode::test_live_trading_enabled_default_is_false PASSED [  7%]
tests/core/test_config.py::TestExecutionMode::test_live_trading_enabled_can_be_set_true PASSED [  7%]
tests/core/test_config_manager.py::TestWatchlistEntry::test_watchlist_entry_creation PASSED [  7%]
tests/core/test_config_manager.py::TestWatchlistEntry::test_watchlist_entry_immutable PASSED [  7%]
tests/core/test_config_manager.py::TestWatchlistConfig::test_default_config_empty PASSED [  7%]
tests/core/test_config_manager.py::TestWatchlistConfig::test_config_with_symbols PASSED [  7%]
tests/core/test_config_manager.py::TestWatchlistConfig::test_get_symbols_nse PASSED [  7%]
tests/core/test_config_manager.py::TestWatchlistConfig::test_get_symbols_all_exchanges PASSED [  7%]
tests/core/test_config_manager.py::TestWatchlistConfig::test_get_symbols_empty_exchange PASSED [  7%]
tests/core/test_config_manager.py::TestWatchlistConfig::test_get_all_entries PASSED [  7%]
tests/core/test_config_manager.py::TestWatchlistConfig::test_config_immutable PASSED [  7%]
tests/core/test_config_manager.py::TestConfigManager::test_init_with_default_path PASSED [  7%]
tests/core/test_config_manager.py::TestConfigManager::test_init_with_env_override PASSED [  7%]
tests/core/test_config_manager.py::TestConfigManager::test_init_with_explicit_path PASSED [  7%]
tests/core/test_config_manager.py::TestConfigManager::test_load_config_file_not_found PASSED [  7%]
tests/core/test_config_manager.py::TestConfigManager::test_load_config_valid_toml PASSED [  7%]
tests/core/test_config_manager.py::TestConfigManager::test_load_config_empty_toml PASSED [  8%]
tests/core/test_config_manager.py::TestConfigManager::test_load_config_partial_exchanges PASSED [  8%]
tests/core/test_config_manager.py::TestConfigManager::test_reload_config PASSED [  8%]
tests/core/test_config_manager.py::TestConfigManager::test_update_config_nse PASSED [  8%]
tests/core/test_config_manager.py::TestConfigManager::test_update_config_multiple_exchanges PASSED [  8%]
tests/core/test_config_manager.py::TestConfigManager::test_update_config_partial_update PASSED [  8%]
tests/core/test_config_manager.py::TestConfigManager::test_update_config_creates_directory PASSED [  8%]
tests/core/test_config_manager.py::TestConfigManager::test_update_config_write_error PASSED [  8%]
tests/core/test_config_manager.py::TestConfigManager::test_get_config_returns_immutable PASSED [  8%]
tests/core/test_config_manager.py::TestGlobalConfigManager::test_get_config_manager_singleton PASSED [  8%]
tests/core/test_config_manager.py::TestGlobalConfigManager::test_reset_config_manager PASSED [  8%]
tests/core/test_config_manager.py::TestGlobalConfigManager::test_config_manager_persists_across_calls PASSED [  8%]
tests/core/test_config_manager.py::TestConfigManagerEdgeCases::test_config_with_duplicate_symbols PASSED [  8%]
tests/core/test_config_manager.py::TestConfigManagerEdgeCases::test_config_with_empty_symbol_list PASSED [  8%]
tests/core/test_config_manager.py::TestConfigManagerEdgeCases::test_config_with_non_list_symbols PASSED [  8%]
tests/core/test_config_manager.py::TestConfigManagerEdgeCases::test_config_path_with_special_characters PASSED [  8%]
tests/core/test_engine.py::TestEngineLifecycle::test_start_stop PASSED   [  8%]
tests/core/test_engine.py::TestEngineLifecycle::test_start_idempotent PASSED [  8%]
tests/core/test_engine.py::TestEngineLifecycle::test_stop_idempotent PASSED [  8%]
tests/core/test_engine.py::TestEngineEventBus::test_event_bus_property PASSED [  8%]
tests/core/test_engine.py::TestEngineEventBus::test_event_bus_started_on_engine_start PASSED [  8%]
tests/core/test_engine.py::TestEngineTasks::test_run_task PASSED         [  8%]
tests/core/test_engine.py::TestEngineTasks::test_run_task_not_running_raises_error PASSED [  8%]
tests/core/test_engine.py::TestEngineTasks::test_tasks_cancelled_on_stop PASSED [  8%]
tests/core/test_engine.py::TestEngineTasks::test_multiple_tasks PASSED   [  8%]
tests/core/test_engine.py::TestEngineProperties::test_instrument_scorer_property PASSED [  8%]
tests/core/test_engine.py::TestEngineProperties::test_default_instrument_scorer PASSED [  8%]
tests/core/test_engine.py::TestEngineProperties::test_kill_switch_property_none PASSED [  8%]
tests/core/test_engine.py::TestEngineProperties::test_engage_kill_switch_without_config_raises_error PASSED [  8%]
tests/core/test_engine.py::TestEngineProperties::test_disengage_kill_switch_without_config_raises_error PASSED [  8%]
tests/core/test_engine.py::TestEngineSelectionCycle::test_select_instruments_calls_scorer PASSED [  8%]
tests/core/test_engine.py::TestEngineSelectionCycle::test_run_selection_cycle_full_pipeline PASSED [  8%]
tests/core/test_engine.py::TestEngineSelectionCycle::test_run_selection_cycle_async PASSED [  8%]
tests/core/test_engine.py::TestEngineSelectionCycle::test_run_selection_cycle_with_correlations PASSED [  8%]
tests/core/test_engine.py::TestEngineSelectionCycle::test_run_selection_cycle_empty_signals PASSED [  8%]
tests/core/test_engine.py::TestEngineSelectionCycle::test_engage_kill_switch_with_config PASSED [  8%]
tests/core/test_engine.py::TestEngineSelectionCycle::test_disengage_kill_switch_with_config PASSED [  8%]
tests/core/test_engine.py::TestEngineFullCycle::test_run_full_cycle_delegates_to_scan_cycle PASSED [  8%]
tests/core/test_engine.py::TestEngineFullCycle::test_run_full_cycle_passes_dependencies PASSED [  8%]
tests/core/test_engine.py::TestEngineFullCycle::test_run_full_cycle_with_custom_params PASSED [  8%]
tests/core/test_engine.py::TestEngineScanOnly::test_run_scan_only_with_preconfigured_scanner PASSED [  8%]
tests/core/test_engine.py::TestEngineScanOnly::test_run_scan_only_with_direction PASSED [  8%]
tests/core/test_engine.py::TestEngineScanOnly::test_run_scan_only_creates_scanner_from_data_provider PASSED [  8%]
tests/core/test_engine.py::TestEngineScanOnly::test_run_scan_only_raises_without_scanner_or_provider PASSED [  8%]
tests/core/test_engine.py::TestEngineScanOnly::test_run_scan_only_no_symbols_without_scanner PASSED [  8%]
tests/core/test_engine.py::TestEngineNewProperties::test_data_provider_property_none PASSED [  8%]
tests/core/test_engine.py::TestEngineNewProperties::test_data_provider_property_set PASSED [  8%]
tests/core/test_engine.py::TestEngineNewProperties::test_instrument_scanner_property_none PASSED [  8%]
tests/core/test_engine.py::TestEngineNewProperties::test_instrument_scanner_property_set PASSED [  8%]
tests/core/test_engine.py::TestEngineNewProperties::test_order_manager_property_none PASSED [  9%]
tests/core/test_engine.py::TestEngineNewProperties::test_order_manager_property_set PASSED [  9%]
tests/core/test_engine.py::TestEngineNewProperties::test_backward_compat_two_arg_constructor PASSED [  9%]
tests/core/test_engine_pipeline.py::TestEngineWiring::test_engine_initialization_with_all_dependencies PASSED [  9%]
tests/core/test_engine_pipeline.py::TestEngineWiring::test_engine_wiring_default_dependencies PASSED [  9%]
tests/core/test_engine_pipeline.py::TestEngineWiring::test_engine_pipeline_data_flow PASSED [  9%]
tests/core/test_engine_pipeline.py::TestDynamicSymbolLoading::test_dynamic_symbol_loading_with_config PASSED [  9%]
tests/core/test_engine_pipeline.py::TestDynamicSymbolLoading::test_dynamic_symbol_loading_fallback_to_defaults PASSED [  9%]
tests/core/test_engine_pipeline.py::TestDynamicSymbolLoading::test_dynamic_symbol_loading_with_empty_config PASSED [  9%]
tests/core/test_engine_pipeline.py::TestDynamicSymbolLoading::test_dynamic_symbol_loading_with_explicit_symbols PASSED [  9%]
tests/core/test_engine_pipeline.py::TestStrengthScorerIntegration::test_strength_scorer_initialization PASSED [  9%]
tests/core/test_engine_pipeline.py::TestStrengthScorerIntegration::test_strength_scorer_used_in_selection_cycle PASSED [  9%]
tests/core/test_engine_pipeline.py::TestStrengthScorerIntegration::test_strength_scorer_caching_in_pipeline PASSED [  9%]
tests/core/test_engine_pipeline.py::TestStrengthScorerIntegration::test_strength_scorer_error_handling PASSED [  9%]
tests/core/test_engine_pipeline.py::TestDeprecatedFileRemoval::test_deprecated_scanner_file_removed PASSED [  9%]
tests/core/test_engine_pipeline.py::TestDeprecatedFileRemoval::test_pipeline_uses_new_scan_cycle_module PASSED [  9%]
tests/core/test_engine_pipeline.py::TestDeprecatedFileRemoval::test_no_reference_to_old_scanner_paths PASSED [  9%]
tests/core/test_engine_pipeline.py::TestEnginePipelineIntegration::test_full_pipeline_with_all_components PASSED [  9%]
tests/core/test_engine_pipeline.py::TestEnginePipelineIntegration::test_pipeline_with_partial_components PASSED [  9%]
tests/core/test_engine_pipeline.py::TestEnginePipelineIntegration::test_pipeline_error_handling PASSED [  9%]
tests/core/test_engine_pipeline.py::TestEnginePipelineIntegration::test_pipeline_with_dynamic_symbol_refresh PASSED [  9%]
tests/core/test_engine_pipeline.py::TestEnginePipelineIntegration::test_pipeline_strength_scorer_integration PASSED [  9%]
tests/core/test_engine_pipeline.py::TestEngineEdgeCases::test_pipeline_with_empty_symbols PASSED [  9%]
tests/core/test_engine_pipeline.py::TestEngineEdgeCases::test_pipeline_with_max_trades_zero PASSED [  9%]
tests/core/test_engine_pipeline.py::TestEngineEdgeCases::test_pipeline_with_large_symbol_list PASSED [  9%]
tests/core/test_enums.py::TestExchange::test_exchange_values PASSED      [  9%]
tests/core/test_enums.py::TestExchange::test_exchange_is_strenum PASSED  [  9%]
tests/core/test_enums.py::TestMarketType::test_market_type_values PASSED [  9%]
tests/core/test_enums.py::TestMarketType::test_market_type_is_strenum PASSED [  9%]
tests/core/test_enums.py::TestOrderSide::test_order_side_values PASSED   [  9%]
tests/core/test_enums.py::TestOrderSide::test_order_side_is_strenum PASSED [  9%]
tests/core/test_enums.py::TestOrderType::test_order_type_values PASSED   [  9%]
tests/core/test_enums.py::TestOrderType::test_order_type_is_strenum PASSED [  9%]
tests/core/test_enums.py::TestOrderStatus::test_order_status_values PASSED [  9%]
tests/core/test_enums.py::TestOrderStatus::test_order_status_is_strenum PASSED [  9%]
tests/core/test_event_bus.py::TestEventBusLifecycle::test_start_stop PASSED [  9%]
tests/core/test_event_bus.py::TestEventBusLifecycle::test_start_idempotent PASSED [  9%]
tests/core/test_event_bus.py::TestEventBusLifecycle::test_stop_idempotent PASSED [  9%]
tests/core/test_event_bus.py::TestEventBusPublishSubscribe::test_subscribe PASSED [  9%]
tests/core/test_event_bus.py::TestEventBusPublishSubscribe::test_unsubscribe PASSED [  9%]
tests/core/test_event_bus.py::TestEventBusPublishSubscribe::test_publish_to_subscriber PASSED [  9%]
tests/core/test_event_bus.py::TestEventBusPublishSubscribe::test_publish_to_multiple_subscribers PASSED [  9%]
tests/core/test_event_bus.py::TestEventBusPublishSubscribe::test_publish_no_subscribers PASSED [  9%]
tests/core/test_event_bus.py::TestEventBusPublishSubscribe::test_publish_not_running PASSED [  9%]
tests/core/test_event_bus.py::TestEventBusPublishSubscribe::test_publish_batch PASSED [  9%]
tests/core/test_event_bus.py::TestEventBusPublishSubscribe::test_publish_batch_empty PASSED [  9%]
tests/core/test_event_bus.py::TestEventBusPublishSubscribe::test_topic_isolation PASSED [  9%]
tests/core/test_event_bus.py::TestEventBusPublishSubscribe::test_different_event_types PASSED [  9%]
tests/core/test_event_bus.py::TestEventBusPublishSubscribe::test_publish_invalid_event_fails_closed PASSED [  9%]
tests/core/test_event_bus.py::TestEventBusPublishSubscribe::test_publish_batch_invalid_event_fails_closed PASSED [ 10%]
tests/core/test_event_bus.py::TestEventBusPublishSubscribe::test_publish_queue_failure_raises_error PASSED [ 10%]
tests/core/test_event_bus.py::TestEventBusPublishSubscribe::test_publish_batch_queue_failure_raises_error PASSED [ 10%]
tests/core/test_event_bus_refactored.py::TestEventBusRefactored::test_init_with_default_backend PASSED [ 10%]
tests/core/test_event_bus_refactored.py::TestEventBusRefactored::test_init_with_custom_backend PASSED [ 10%]
tests/core/test_event_bus_refactored.py::TestEventBusRefactored::test_start_stop PASSED [ 10%]
tests/core/test_event_bus_refactored.py::TestEventBusRefactored::test_subscribe_unsubscribe PASSED [ 10%]
tests/core/test_event_bus_refactored.py::TestEventBusRefactored::test_publish_subscribe PASSED [ 10%]
tests/core/test_event_bus_refactored.py::TestEventBusRefactored::test_publish_validation PASSED [ 10%]
tests/core/test_event_bus_refactored.py::TestEventBusRefactored::test_publish_not_running PASSED [ 10%]
tests/core/test_event_bus_refactored.py::TestEventBusRefactored::test_publish_batch PASSED [ 10%]
tests/core/test_event_bus_refactored.py::TestEventBusRefactored::test_publish_batch_empty PASSED [ 10%]
tests/core/test_event_bus_refactored.py::TestEventBusRefactored::test_multiple_subscribers PASSED [ 10%]
tests/core/test_event_bus_refactored.py::TestEventBusRefactored::test_with_redis_backend SKIPPED [ 10%]
tests/core/test_event_bus_refactored.py::TestEventBusRefactored::test_is_running_property PASSED [ 10%]
tests/core/test_event_bus_refactored.py::TestEventBusWithPersistence::test_publish_with_persistence PASSED [ 10%]
tests/core/test_event_bus_refactored.py::TestEventBusWithPersistence::test_replay_events_to_bus PASSED [ 10%]
tests/core/test_event_bus_refactored.py::TestEventBusWithPersistence::test_multiple_topics PASSED [ 10%]
tests/core/test_event_bus_refactored.py::TestEventBusWithPersistence::test_high_throughput PASSED [ 10%]
tests/core/test_event_persistence.py::TestEventPersistence::test_save_event PASSED [ 10%]
tests/core/test_event_persistence.py::TestEventPersistence::test_save_multiple_events PASSED [ 10%]
tests/core/test_event_persistence.py::TestEventPersistence::test_load_events PASSED [ 10%]
tests/core/test_event_persistence.py::TestEventPersistence::test_load_events_with_sequence_range PASSED [ 10%]
tests/core/test_event_persistence.py::TestEventPersistence::test_load_events_nonexistent_topic PASSED [ 10%]
tests/core/test_event_persistence.py::TestEventPersistence::test_replay_events PASSED [ 10%]
tests/core/test_event_persistence.py::TestEventPersistence::test_replay_events_with_delay PASSED [ 10%]
tests/core/test_event_persistence.py::TestEventPersistence::test_replay_events_with_range PASSED [ 10%]
tests/core/test_event_persistence.py::TestEventPersistence::test_replay_events_nonexistent_topic PASSED [ 10%]
tests/core/test_event_persistence.py::TestEventPersistence::test_clear_events_topic PASSED [ 10%]
tests/core/test_event_persistence.py::TestEventPersistence::test_clear_events_all PASSED [ 10%]
tests/core/test_event_persistence.py::TestEventPersistence::test_clear_events_nonexistent_topic PASSED [ 10%]
tests/core/test_event_persistence.py::TestEventPersistence::test_get_event_count PASSED [ 10%]
tests/core/test_event_persistence.py::TestEventPersistence::test_get_event_count_nonexistent_topic PASSED [ 10%]
tests/core/test_event_persistence.py::TestEventPersistence::test_serialize_pydantic_model PASSED [ 10%]
tests/core/test_event_persistence.py::TestEventPersistence::test_serialize_dict PASSED [ 10%]
tests/core/test_event_persistence.py::TestEventPersistence::test_serialize_generic_object PASSED [ 10%]
tests/core/test_event_persistence.py::TestEventPersistence::test_deserialize_event PASSED [ 10%]
tests/core/test_event_persistence.py::TestEventPersistence::test_save_event_failure SKIPPED [ 10%]
tests/core/test_event_persistence.py::TestEventPersistence::test_load_corrupted_event PASSED [ 10%]
tests/core/test_event_persistence.py::TestPersistedEvent::test_persisted_event_creation PASSED [ 10%]
tests/core/test_event_validation.py::test_unsupported_event_type_rejected PASSED [ 10%]
tests/core/test_event_validation.py::test_missing_required_attribute_rejected PASSED [ 10%]
tests/core/test_event_validation.py::test_invalid_exchange_type_rejected PASSED [ 10%]
tests/core/test_event_validation.py::test_invalid_order_status_type_rejected PASSED [ 10%]
tests/core/test_event_validation.py::test_regime_metadata_type_rejected PASSED [ 10%]
tests/core/test_event_validation.py::test_signal_optional_price_type_rejected PASSED [ 10%]
tests/core/test_event_validation.py::test_invalid_order_side_type_rejected PASSED [ 10%]
tests/core/test_event_validation.py::test_invalid_order_type_rejected PASSED [ 10%]
tests/core/test_event_validation.py::test_malformed_timestamp_object_rejected PASSED [ 10%]
tests/core/test_events.py::TestMarketTickEvent::test_default_values PASSED [ 11%]
tests/core/test_events.py::TestMarketTickEvent::test_custom_values PASSED [ 11%]
tests/core/test_events.py::TestMarketTickEvent::test_event_is_frozen PASSED [ 11%]
tests/core/test_events.py::TestMarketTickEvent::test_non_utc_timestamp_rejected PASSED [ 11%]
tests/core/test_events.py::TestMarketTickEvent::test_naive_timestamp_rejected PASSED [ 11%]
tests/core/test_events.py::TestMarketTickEvent::test_bid_ask_domain_validation PASSED [ 11%]
tests/core/test_events.py::TestOrderUpdateEvent::test_default_values PASSED [ 11%]
tests/core/test_events.py::TestOrderUpdateEvent::test_custom_values PASSED [ 11%]
tests/core/test_events.py::TestOrderUpdateEvent::test_event_is_frozen PASSED [ 11%]
tests/core/test_events.py::TestOrderUpdateEvent::test_filled_quantity_cannot_exceed_quantity PASSED [ 11%]
tests/core/test_events.py::TestSignalEvent::test_default_values PASSED   [ 11%]
tests/core/test_events.py::TestSignalEvent::test_custom_values PASSED    [ 11%]
tests/core/test_events.py::TestSignalEvent::test_event_is_frozen PASSED  [ 11%]
tests/core/test_events.py::TestSignalEvent::test_confidence_bounds_validation PASSED [ 11%]
tests/core/test_events.py::TestRegimeChangeEvent::test_default_values PASSED [ 11%]
tests/core/test_events.py::TestRegimeChangeEvent::test_custom_values PASSED [ 11%]
tests/core/test_events.py::TestRegimeChangeEvent::test_event_is_frozen PASSED [ 11%]
tests/core/test_events.py::TestRegimeChangeEvent::test_regime_description_cannot_be_empty PASSED [ 11%]
tests/core/test_exceptions.py::TestIATBError::test_inheritance PASSED    [ 11%]
tests/core/test_exceptions.py::TestIATBError::test_message_stored PASSED [ 11%]
tests/core/test_exceptions.py::TestIATBError::test_string_representation PASSED [ 11%]
tests/core/test_exceptions.py::TestIATBError::test_message_only_required PASSED [ 11%]
tests/core/test_exceptions.py::TestIATBError::test_with_additional_args PASSED [ 11%]
tests/core/test_exceptions.py::TestValidationError::test_inheritance PASSED [ 11%]
tests/core/test_exceptions.py::TestValidationError::test_message PASSED  [ 11%]
tests/core/test_exceptions.py::TestConfigError::test_inheritance PASSED  [ 11%]
tests/core/test_exceptions.py::TestConfigError::test_message PASSED      [ 11%]
tests/core/test_exceptions.py::TestEventBusError::test_inheritance PASSED [ 11%]
tests/core/test_exceptions.py::TestEventBusError::test_message PASSED    [ 11%]
tests/core/test_exceptions.py::TestClockError::test_inheritance PASSED   [ 11%]
tests/core/test_exceptions.py::TestClockError::test_message PASSED       [ 11%]
tests/core/test_exceptions.py::TestExceptionHierarchy::test_all_errors_inherit_from_iatb_error PASSED [ 11%]
tests/core/test_exceptions.py::TestExceptionHierarchy::test_can_catch_specific_errors PASSED [ 11%]
tests/core/test_exceptions.py::TestExceptionHierarchy::test_can_catch_all_with_iatb_error PASSED [ 11%]
tests/core/test_exchange_calendar.py::TestSessionWindow::test_creation PASSED [ 11%]
tests/core/test_exchange_calendar.py::TestSessionWindow::test_frozen PASSED [ 11%]
tests/core/test_exchange_calendar.py::TestSessionWindow::test_equality PASSED [ 11%]
tests/core/test_exchange_calendar.py::TestSessionWindow::test_inequality PASSED [ 11%]
tests/core/test_exchange_calendar.py::TestExchangeCalendar::test_get_regular_session_nse PASSED [ 11%]
tests/core/test_exchange_calendar.py::TestExchangeCalendar::test_get_regular_session_bse PASSED [ 11%]
tests/core/test_exchange_calendar.py::TestExchangeCalendar::test_get_regular_session_mcx PASSED [ 11%]
tests/core/test_exchange_calendar.py::TestExchangeCalendar::test_get_regular_session_cds PASSED [ 11%]
tests/core/test_exchange_calendar.py::TestExchangeCalendar::test_get_regular_session_unknown PASSED [ 11%]
tests/core/test_exchange_calendar.py::TestExchangeCalendar::test_session_for_weekday PASSED [ 11%]
tests/core/test_exchange_calendar.py::TestExchangeCalendar::test_session_for_weekend_saturday PASSED [ 11%]
tests/core/test_exchange_calendar.py::TestExchangeCalendar::test_session_for_weekend_sunday PASSED [ 11%]
tests/core/test_exchange_calendar.py::TestExchangeCalendar::test_session_for_holiday PASSED [ 11%]
tests/core/test_exchange_calendar.py::TestExchangeCalendar::test_session_for_special_session PASSED [ 11%]
tests/core/test_exchange_calendar.py::TestExchangeCalendar::test_session_for_unknown_exchange PASSED [ 11%]
tests/core/test_exchange_calendar.py::TestExchangeCalendar::test_is_holiday PASSED [ 12%]
tests/core/test_exchange_calendar.py::TestExchangeCalendar::test_is_holiday_unknown_exchange PASSED [ 12%]
tests/core/test_exchange_calendar.py::TestExchangeCalendar::test_is_trading_day_weekday PASSED [ 12%]
tests/core/test_exchange_calendar.py::TestExchangeCalendar::test_is_trading_day_weekend PASSED [ 12%]
tests/core/test_exchange_calendar.py::TestExchangeCalendar::test_is_trading_day_holiday PASSED [ 12%]
tests/core/test_exchange_calendar.py::TestExchangeCalendar::test_is_trading_day_special_session PASSED [ 12%]
tests/core/test_exchange_calendar.py::TestExchangeCalendar::test_is_trading_day_unknown_exchange PASSED [ 12%]
tests/core/test_exchange_calendar.py::TestExchangeCalendar::test_empty_calendar PASSED [ 12%]
tests/core/test_exchange_calendar.py::TestDefaultRegularSessions::test_all_exchanges_present PASSED [ 12%]
tests/core/test_exchange_calendar.py::TestDefaultRegularSessions::test_nse_times PASSED [ 12%]
tests/core/test_exchange_calendar.py::TestDefaultRegularSessions::test_mcx_times PASSED [ 12%]
tests/core/test_exchange_calendar.py::TestDefaultRegularSessions::test_cds_times PASSED [ 12%]
tests/core/test_exchange_calendar.py::TestDefaultHolidays::test_all_exchanges_present PASSED [ 12%]
tests/core/test_exchange_calendar.py::TestDefaultHolidays::test_common_holidays PASSED [ 12%]
tests/core/test_exchange_calendar.py::TestDefaultHolidays::test_mcx_has_same_holidays PASSED [ 12%]
tests/core/test_exchange_calendar.py::TestDefaultSpecialSessions::test_muhurat_session_nse PASSED [ 12%]
tests/core/test_exchange_calendar.py::TestDefaultSpecialSessions::test_muhurat_session_mcx PASSED [ 12%]
tests/core/test_exchange_calendar.py::TestParseExchangeSessionTimes::test_valid_config PASSED [ 12%]
tests/core/test_exchange_calendar.py::TestParseExchangeSessionTimes::test_missing_exchange_uses_defaults PASSED [ 12%]
tests/core/test_exchange_calendar.py::TestParseExchangeSessionTimes::test_invalid_time_format_raises PASSED [ 12%]
tests/core/test_exchange_calendar.py::TestParseExchangeSessionTimes::test_empty_config PASSED [ 12%]
tests/core/test_exchange_calendar.py::TestParseNseCdsHolidays::test_valid_holidays PASSED [ 12%]
tests/core/test_exchange_calendar.py::TestParseNseCdsHolidays::test_no_nse_cds_section PASSED [ 12%]
tests/core/test_exchange_calendar.py::TestParseNseCdsHolidays::test_invalid_date_skipped PASSED [ 12%]
tests/core/test_exchange_calendar.py::TestParseNseCdsHolidays::test_missing_date_key_skipped PASSED [ 12%]
tests/core/test_exchange_calendar.py::TestParseNseCdsHolidays::test_default_exchanges PASSED [ 12%]
tests/core/test_exchange_calendar.py::TestParseMcxHolidays::test_valid_holidays PASSED [ 12%]
tests/core/test_exchange_calendar.py::TestParseMcxHolidays::test_no_mcx_section PASSED [ 12%]
tests/core/test_exchange_calendar.py::TestParseMcxHolidays::test_invalid_date_skipped PASSED [ 12%]
tests/core/test_exchange_calendar.py::TestParseMcxHolidays::test_missing_date_key_skipped PASSED [ 12%]
tests/core/test_exchange_calendar.py::TestHelperFunctions::test_initialize_holidays_dict PASSED [ 12%]
tests/core/test_exchange_calendar.py::TestHelperFunctions::test_get_exchange_map PASSED [ 12%]
tests/core/test_exchange_calendar.py::TestHelperFunctions::test_log_holidays_summary PASSED [ 12%]
tests/core/test_exchange_calendar.py::TestHelperFunctions::test_session_exchanges PASSED [ 12%]
tests/core/test_exchange_calendar.py::TestLoadConfigFile::test_load_valid_toml PASSED [ 12%]
tests/core/test_exchange_calendar.py::TestLoadConfigFile::test_load_missing_file_raises PASSED [ 12%]
tests/core/test_exchange_calendar.py::TestLoadConfigFile::test_load_invalid_toml_raises PASSED [ 12%]
tests/core/test_exchange_calendar.py::TestLoadSessionTimesFromConfig::test_load_from_file PASSED [ 12%]
tests/core/test_exchange_calendar.py::TestLoadSessionTimesFromConfig::test_load_missing_file_returns_defaults PASSED [ 12%]
tests/core/test_exchange_calendar.py::TestLoadSessionTimesFromConfig::test_load_empty_file_returns_defaults PASSED [ 12%]
tests/core/test_exchange_calendar.py::TestLoadSessionTimesFromConfig::test_load_invalid_toml_raises PASSED [ 12%]
tests/core/test_exchange_calendar.py::TestLoadHolidaysFromConfig::test_load_from_file PASSED [ 12%]
tests/core/test_exchange_calendar.py::TestLoadHolidaysFromConfig::test_load_missing_file_returns_defaults PASSED [ 12%]
tests/core/test_exchange_calendar.py::TestLoadHolidaysFromConfig::test_load_invalid_toml_raises PASSED [ 12%]
tests/core/test_exchange_calendar.py::TestLoadHolidaysFromConfig::test_load_non_year_keys_skipped PASSED [ 12%]
tests/core/test_exchange_calendar.py::TestExchangeStatus::test_get_exchange_status_initial PASSED [ 12%]
tests/core/test_exchange_calendar.py::TestExchangeStatus::test_set_exchange_halted PASSED [ 12%]
tests/core/test_exchange_calendar.py::TestExchangeStatus::test_set_exchange_halted_with_reason PASSED [ 12%]
tests/core/test_exchange_calendar.py::TestExchangeStatus::test_set_exchange_halted_already_halted_raises PASSED [ 12%]
tests/core/test_exchange_calendar.py::TestExchangeStatus::test_set_exchange_normal PASSED [ 13%]
tests/core/test_exchange_calendar.py::TestExchangeStatus::test_set_exchange_normal_clears_halt_info PASSED [ 13%]
tests/core/test_exchange_calendar.py::TestExchangeStatus::test_is_exchange_halted_false_initially PASSED [ 13%]
tests/core/test_exchange_calendar.py::TestExchangeStatus::test_get_all_exchange_states PASSED [ 13%]
tests/core/test_exchange_calendar.py::TestExchangeStatus::test_multiple_exchanges_halted PASSED [ 13%]
tests/core/test_exchange_calendar.py::TestSessionBoundaryChecks::test_check_session_boundary_within_session PASSED [ 13%]
tests/core/test_exchange_calendar.py::TestSessionBoundaryChecks::test_check_session_boundary_before_open PASSED [ 13%]
tests/core/test_exchange_calendar.py::TestSessionBoundaryChecks::test_check_session_boundary_after_close PASSED [ 13%]
tests/core/test_exchange_calendar.py::TestSessionBoundaryChecks::test_check_session_boundary_halted_exchange PASSED [ 13%]
tests/core/test_exchange_calendar.py::TestSessionBoundaryChecks::test_check_session_boundary_no_session PASSED [ 13%]
tests/core/test_exchange_calendar.py::TestSessionBoundaryChecks::test_check_session_boundary_default_time PASSED [ 13%]
tests/core/test_exchange_calendar.py::TestSessionBoundaryChecks::test_validate_trading_time_valid PASSED [ 13%]
tests/core/test_exchange_calendar.py::TestSessionBoundaryChecks::test_validate_trading_time_halted_raises PASSED [ 13%]
tests/core/test_exchange_calendar.py::TestSessionBoundaryChecks::test_validate_trading_time_before_open_raises PASSED [ 13%]
tests/core/test_exchange_calendar.py::TestSessionBoundaryChecks::test_validate_trading_time_after_close_raises PASSED [ 13%]
tests/core/test_exchange_calendar.py::TestSessionBoundaryChecks::test_validate_trading_time_no_session_raises PASSED [ 13%]
tests/core/test_exchange_calendar.py::TestExchangeState::test_exchange_state_initialization PASSED [ 13%]
tests/core/test_exchange_calendar.py::TestExchangeState::test_exchange_state_with_values PASSED [ 13%]
tests/core/test_exchange_calendar.py::TestExchangeStatusEnum::test_exchange_status_values PASSED [ 13%]
tests/core/test_exchange_calendar.py::TestExchangeStatusEnum::test_exchange_status_comparison PASSED [ 13%]
tests/core/test_health.py::test_health_module_deprecation_warning PASSED [ 13%]
tests/core/test_multi_channel_alerting.py::TestAlert::test_alert_creation_with_defaults PASSED [ 13%]
tests/core/test_multi_channel_alerting.py::TestAlert::test_alert_creation_with_all_fields PASSED [ 13%]
tests/core/test_multi_channel_alerting.py::TestAlertChannel::test_channel_is_abstract PASSED [ 13%]
tests/core/test_multi_channel_alerting.py::TestEmailChannel::test_channel_initialization_without_credentials PASSED [ 13%]
tests/core/test_multi_channel_alerting.py::TestEmailChannel::test_channel_initialization_with_env_credentials PASSED [ 13%]
tests/core/test_multi_channel_alerting.py::TestEmailChannel::test_channel_initialization_with_direct_credentials PASSED [ 13%]
tests/core/test_multi_channel_alerting.py::TestEmailChannel::test_channel_ignores_empty_to_emails PASSED [ 13%]
tests/core/test_multi_channel_alerting.py::TestEmailChannel::test_channel_parses_comma_separated_env_emails PASSED [ 13%]
tests/core/test_multi_channel_alerting.py::TestEmailChannel::test_channel_can_be_disabled_explicitly PASSED [ 13%]
tests/core/test_multi_channel_alerting.py::TestEmailChannel::test_send_alert_when_enabled PASSED [ 13%]
tests/core/test_multi_channel_alerting.py::TestEmailChannel::test_send_alert_when_disabled PASSED [ 13%]
tests/core/test_multi_channel_alerting.py::TestEmailChannel::test_send_alert_handles_smtp_error PASSED [ 13%]
tests/core/test_multi_channel_alerting.py::TestEmailChannel::test_format_body_includes_all_fields PASSED [ 13%]
tests/core/test_multi_channel_alerting.py::TestWebhookChannel::test_channel_initialization_without_url PASSED [ 13%]
tests/core/test_multi_channel_alerting.py::TestWebhookChannel::test_channel_initialization_with_env_url PASSED [ 13%]
tests/core/test_multi_channel_alerting.py::TestWebhookChannel::test_channel_initialization_with_direct_url PASSED [ 13%]
tests/core/test_multi_channel_alerting.py::TestWebhookChannel::test_channel_validates_url_format PASSED [ 13%]
tests/core/test_multi_channel_alerting.py::TestWebhookChannel::test_channel_can_be_disabled_explicitly PASSED [ 13%]
tests/core/test_multi_channel_alerting.py::TestWebhookChannel::test_send_alert_when_disabled PASSED [ 13%]
tests/core/test_multi_channel_alerting.py::TestAlertRule::test_rule_creation PASSED [ 13%]
tests/core/test_multi_channel_alerting.py::TestAlertRule::test_rule_evaluation_true PASSED [ 13%]
tests/core/test_multi_channel_alerting.py::TestAlertRule::test_rule_evaluation_false PASSED [ 13%]
tests/core/test_multi_channel_alerting.py::TestAlertRulesEngine::test_engine_initialization PASSED [ 13%]
tests/core/test_multi_channel_alerting.py::TestAlertRulesEngine::test_add_rule PASSED [ 13%]
tests/core/test_multi_channel_alerting.py::TestAlertRulesEngine::test_add_rule_updates_existing PASSED [ 13%]
tests/core/test_multi_channel_alerting.py::TestAlertRulesEngine::test_remove_rule PASSED [ 13%]
tests/core/test_multi_channel_alerting.py::TestAlertRulesEngine::test_remove_nonexistent_rule PASSED [ 13%]
tests/core/test_multi_channel_alerting.py::TestAlertRulesEngine::test_evaluate_rules_no_triggers PASSED [ 13%]
tests/core/test_multi_channel_alerting.py::TestAlertRulesEngine::test_evaluate_rules_single_trigger PASSED [ 14%]
tests/core/test_multi_channel_alerting.py::TestAlertRulesEngine::test_evaluate_rules_multiple_triggers PASSED [ 14%]
tests/core/test_multi_channel_alerting.py::TestAlertRulesEngine::test_evaluate_rules_respects_enabled_flag PASSED [ 14%]
tests/core/test_multi_channel_alerting.py::TestAlertRulesEngine::test_evaluate_rules_handles_exception PASSED [ 14%]
tests/core/test_multi_channel_alerting.py::TestAlertRulesEngine::test_check_token_expiry_condition PASSED [ 14%]
tests/core/test_multi_channel_alerting.py::TestAlertRulesEngine::test_check_position_limit_breach_condition PASSED [ 14%]
tests/core/test_multi_channel_alerting.py::TestAlertRulesEngine::test_check_daily_loss_threshold_condition PASSED [ 14%]
tests/core/test_multi_channel_alerting.py::TestAlertRulesEngine::test_check_data_source_failure_condition PASSED [ 14%]
tests/core/test_multi_channel_alerting.py::TestAlertThrottler::test_throttler_initialization PASSED [ 14%]
tests/core/test_multi_channel_alerting.py::TestAlertThrottler::test_throttler_custom_interval PASSED [ 14%]
tests/core/test_multi_channel_alerting.py::TestAlertThrottler::test_should_send_first_time PASSED [ 14%]
tests/core/test_multi_channel_alerting.py::TestAlertThrottler::test_should_send_after_interval PASSED [ 14%]
tests/core/test_multi_channel_alerting.py::TestAlertThrottler::test_should_send_throttles_within_interval PASSED [ 14%]
tests/core/test_multi_channel_alerting.py::TestAlertThrottler::test_record_sent PASSED [ 14%]
tests/core/test_multi_channel_alerting.py::TestAlertThrottler::test_reset_single_rule PASSED [ 14%]
tests/core/test_multi_channel_alerting.py::TestAlertThrottler::test_reset_all_rules PASSED [ 14%]
tests/core/test_multi_channel_alerting.py::TestAlertThrottler::test_reset_nonexistent_rule PASSED [ 14%]
tests/core/test_multi_channel_alerting.py::TestAlertAcknowledgment::test_acknowledgment_creation PASSED [ 14%]
tests/core/test_multi_channel_alerting.py::TestAlertAcknowledgmentTracker::test_tracker_initialization PASSED [ 14%]
tests/core/test_multi_channel_alerting.py::TestAlertAcknowledgmentTracker::test_register_alert PASSED [ 14%]
tests/core/test_multi_channel_alerting.py::TestAlertAcknowledgmentTracker::test_acknowledge_alert PASSED [ 14%]
tests/core/test_multi_channel_alerting.py::TestAlertAcknowledgmentTracker::test_acknowledge_nonexistent_alert PASSED [ 14%]
tests/core/test_multi_channel_alerting.py::TestAlertAcknowledgmentTracker::test_is_acknowledged_true PASSED [ 14%]
tests/core/test_multi_channel_alerting.py::TestAlertAcknowledgmentTracker::test_is_acknowledged_false PASSED [ 14%]
tests/core/test_multi_channel_alerting.py::TestAlertAcknowledgmentTracker::test_is_acknowledged_nonexistent PASSED [ 14%]
tests/core/test_multi_channel_alerting.py::TestAlertAcknowledgmentTracker::test_get_unacknowledged_all PASSED [ 14%]
tests/core/test_multi_channel_alerting.py::TestAlertAcknowledgmentTracker::test_get_unacknowledged_by_rule PASSED [ 14%]
tests/core/test_multi_channel_alerting.py::TestAlertAcknowledgmentTracker::test_cleanup_old_alerts PASSED [ 14%]
tests/core/test_multi_channel_alerting.py::TestTelegramAlerter::test_alerter_initialization_without_credentials PASSED [ 14%]
tests/core/test_multi_channel_alerting.py::TestTelegramAlerter::test_alerter_initialization_with_env_credentials PASSED [ 14%]
tests/core/test_multi_channel_alerting.py::TestTelegramAlerter::test_alerter_initialization_with_direct_credentials PASSED [ 14%]
tests/core/test_multi_channel_alerting.py::TestTelegramAlerter::test_alerter_can_be_disabled_explicitly PASSED [ 14%]
tests/core/test_multi_channel_alerting.py::TestTelegramAlerter::test_send_alert_with_running_loop PASSED [ 14%]
tests/core/test_multi_channel_alerting.py::TestTelegramAlerter::test_send_alert_without_running_loop PASSED [ 14%]
tests/core/test_multi_channel_alerting.py::TestTelegramAlerter::test_send_alert_when_disabled PASSED [ 14%]
tests/core/test_multi_channel_alerting.py::TestTelegramAlerter::test_send_trade_alert PASSED [ 14%]
tests/core/test_multi_channel_alerting.py::TestTelegramAlerter::test_send_error_alert_without_exception_type PASSED [ 14%]
tests/core/test_multi_channel_alerting.py::TestTelegramAlerter::test_send_error_alert_with_exception_type PASSED [ 14%]
tests/core/test_multi_channel_alerting.py::TestTelegramAlerter::test_send_health_alert_down_status PASSED [ 14%]
tests/core/test_multi_channel_alerting.py::TestTelegramAlerter::test_send_health_alert_up_status PASSED [ 14%]
tests/core/test_multi_channel_alerting.py::TestTelegramAlerter::test_send_pnl_alert_with_daily_pnl_positive PASSED [ 14%]
tests/core/test_multi_channel_alerting.py::TestTelegramAlerter::test_send_pnl_alert_with_daily_pnl_negative PASSED [ 14%]
tests/core/test_multi_channel_alerting.py::TestTelegramAlerter::test_send_model_alert_available_status PASSED [ 14%]
tests/core/test_multi_channel_alerting.py::TestTelegramAlerter::test_send_model_alert_unavailable_status PASSED [ 14%]
tests/core/test_multi_channel_alerting.py::TestTelegramAlerter::test_send_data_source_failure_alert PASSED [ 14%]
tests/core/test_multi_channel_alerting.py::TestTelegramAlerter::test_send_fallback_source_alert_with_reason PASSED [ 14%]
tests/core/test_multi_channel_alerting.py::TestTelegramAlerter::test_send_fallback_source_alert_without_reason PASSED [ 14%]
tests/core/test_multi_channel_alerting.py::TestTelegramAlerter::test_send_token_expiry_alert_critical PASSED [ 14%]
tests/core/test_multi_channel_alerting.py::TestTelegramAlerter::test_send_token_expiry_alert_warning PASSED [ 14%]
tests/core/test_multi_channel_alerting.py::TestTelegramAlerter::test_send_with_actions_with_buttons PASSED [ 15%]
tests/core/test_multi_channel_alerting.py::TestTelegramAlerter::test_send_with_actions_without_buttons PASSED [ 15%]
tests/core/test_multi_channel_alerting.py::TestTelegramAlerter::test_send_with_actions_when_disabled PASSED [ 15%]
tests/core/test_multi_channel_alerting.py::TestTelegramAlerter::test_format_message_without_context PASSED [ 15%]
tests/core/test_multi_channel_alerting.py::TestTelegramAlerter::test_format_message_with_context PASSED [ 15%]
tests/core/test_multi_channel_alerting.py::TestTelegramAlerter::test_send_implements_alert_channel_interface PASSED [ 15%]
tests/core/test_multi_channel_alerting.py::TestMultiChannelAlertManager::test_manager_initialization_default PASSED [ 15%]
tests/core/test_multi_channel_alerting.py::TestMultiChannelAlertManager::test_manager_initialization_custom PASSED [ 15%]
tests/core/test_multi_channel_alerting.py::TestMultiChannelAlertManager::test_add_channel PASSED [ 15%]
tests/core/test_multi_channel_alerting.py::TestMultiChannelAlertManager::test_add_duplicate_channel PASSED [ 15%]
tests/core/test_multi_channel_alerting.py::TestMultiChannelAlertManager::test_send_alert_without_throttling PASSED [ 15%]
tests/core/test_multi_channel_alerting.py::TestMultiChannelAlertManager::test_send_alert_with_throttling PASSED [ 15%]
tests/core/test_multi_channel_alerting.py::TestMultiChannelAlertManager::test_send_alert_to_disabled_channel PASSED [ 15%]
tests/core/test_multi_channel_alerting.py::TestMultiChannelAlertManager::test_send_alert_handles_channel_error PASSED [ 15%]
tests/core/test_multi_channel_alerting.py::TestMultiChannelAlertManager::test_send_alert_with_context PASSED [ 15%]
tests/core/test_multi_channel_alerting.py::TestMultiChannelAlertManager::test_evaluate_and_alert_no_triggers PASSED [ 15%]
tests/core/test_multi_channel_alerting.py::TestMultiChannelAlertManager::test_evaluate_and_alert_with_triggers PASSED [ 15%]
tests/core/test_multi_channel_alerting.py::TestMultiChannelAlertManager::test_acknowledge_alert PASSED [ 15%]
tests/core/test_multi_channel_alerting.py::TestMultiChannelAlertManager::test_acknowledge_nonexistent_alert PASSED [ 15%]
tests/core/test_multi_channel_alerting.py::TestMultiChannelAlertManager::test_get_unacknowledged_alerts PASSED [ 15%]
tests/core/test_multi_channel_alerting.py::TestMultiChannelAlertManager::test_get_unacknowledged_alerts_by_rule PASSED [ 15%]
tests/core/test_multi_channel_alerting.py::TestMultiChannelAlertManager::test_cleanup_old_alerts PASSED [ 15%]
tests/core/test_observability_alerting.py::TestAlertLevel::test_info_level_exists PASSED [ 15%]
tests/core/test_observability_alerting.py::TestAlertLevel::test_warning_level_exists PASSED [ 15%]
tests/core/test_observability_alerting.py::TestAlertLevel::test_error_level_exists PASSED [ 15%]
tests/core/test_observability_alerting.py::TestAlertLevel::test_critical_level_exists PASSED [ 15%]
tests/core/test_observability_alerting.py::TestTelegramAlerter::test_alerter_initialization_without_credentials PASSED [ 15%]
tests/core/test_observability_alerting.py::TestTelegramAlerter::test_alerter_initialization_with_credentials PASSED [ 15%]
tests/core/test_observability_alerting.py::TestTelegramAlerter::test_alerter_can_be_disabled_explicitly PASSED [ 15%]
tests/core/test_observability_alerting.py::TestTelegramAlerter::test_alerter_with_custom_credentials PASSED [ 15%]
tests/core/test_observability_alerting.py::TestTelegramAlerter::test_send_alert_when_disabled PASSED [ 15%]
tests/core/test_observability_alerting.py::TestTelegramAlerter::test_send_alert_with_running_event_loop PASSED [ 15%]
tests/core/test_observability_alerting.py::TestTelegramAlerter::test_send_alert_without_running_event_loop PASSED [ 15%]
tests/core/test_observability_alerting.py::TestTelegramAlerter::test_send_alert_with_context PASSED [ 15%]
tests/core/test_observability_alerting.py::TestTelegramAlerter::test_send_alert_handles_telegram_error PASSED [ 15%]
tests/core/test_observability_alerting.py::TestTelegramAlerter::test_send_trade_alert_buy PASSED [ 15%]
tests/core/test_observability_alerting.py::TestTelegramAlerter::test_send_trade_alert_sell PASSED [ 15%]
tests/core/test_observability_alerting.py::TestTelegramAlerter::test_send_trade_alert_with_custom_timestamp PASSED [ 15%]
tests/core/test_observability_alerting.py::TestTelegramAlerter::test_send_error_alert PASSED [ 15%]
tests/core/test_observability_alerting.py::TestTelegramAlerter::test_send_error_alert_with_exception_type PASSED [ 15%]
tests/core/test_observability_alerting.py::TestTelegramAlerter::test_send_health_alert_up PASSED [ 15%]
tests/core/test_observability_alerting.py::TestTelegramAlerter::test_send_health_alert_down PASSED [ 15%]
tests/core/test_observability_alerting.py::TestTelegramAlerter::test_send_health_alert_degraded PASSED [ 15%]
tests/core/test_observability_alerting.py::TestTelegramAlerter::test_send_pnl_alert_profit PASSED [ 15%]
tests/core/test_observability_alerting.py::TestTelegramAlerter::test_send_pnl_alert_loss PASSED [ 15%]
tests/core/test_observability_alerting.py::TestTelegramAlerter::test_send_pnl_alert_without_daily_pnl PASSED [ 15%]
tests/core/test_observability_alerting.py::TestTelegramAlerter::test_send_model_alert_available PASSED [ 15%]
tests/core/test_observability_alerting.py::TestTelegramAlerter::test_send_model_alert_unavailable PASSED [ 15%]
tests/core/test_observability_alerting.py::TestTelegramAlerter::test_send_data_source_failure_alert PASSED [ 15%]
tests/core/test_observability_alerting.py::TestTelegramAlerter::test_send_data_source_failure_alert_default_window PASSED [ 16%]
tests/core/test_observability_alerting.py::TestTelegramAlerter::test_send_fallback_source_alert PASSED [ 16%]
tests/core/test_observability_alerting.py::TestTelegramAlerter::test_send_fallback_source_alert_without_reason PASSED [ 16%]
tests/core/test_observability_alerting.py::TestTelegramAlerter::test_send_token_expiry_alert_critical PASSED [ 16%]
tests/core/test_observability_alerting.py::TestTelegramAlerter::test_send_token_expiry_alert_warning PASSED [ 16%]
tests/core/test_observability_alerting.py::TestTelegramAlerter::test_send_with_actions PASSED [ 16%]
tests/core/test_observability_alerting.py::TestTelegramAlerter::test_send_with_actions_without_buttons PASSED [ 16%]
tests/core/test_observability_alerting.py::TestTelegramAlerter::test_format_message_includes_timestamp PASSED [ 16%]
tests/core/test_observability_alerting.py::TestTelegramAlerter::test_format_message_includes_level PASSED [ 16%]
tests/core/test_observability_alerting.py::TestGetAlerter::test_get_alerter_returns_singleton PASSED [ 16%]
tests/core/test_observability_alerting.py::TestGetAlerter::test_get_alerter_creates_enabled_instance PASSED [ 16%]
tests/core/test_observability_alerting.py::TestIntegration::test_full_alerting_workflow PASSED [ 16%]
tests/core/test_observability_alerting.py::TestIntegration::test_different_alert_levels PASSED [ 16%]
tests/core/test_observability_enhanced.py::TestEnhancedDataSourceMetrics::test_data_source_requests_total_increment_by_status PASSED [ 16%]
tests/core/test_observability_enhanced.py::TestEnhancedDataSourceMetrics::test_data_source_simple_latency_observes_distribution PASSED [ 16%]
tests/core/test_observability_enhanced.py::TestEnhancedDataSourceMetrics::test_data_source_fallback_tracks_provider_switches PASSED [ 16%]
tests/core/test_observability_enhanced.py::TestEnhancedDataSourceMetrics::test_update_data_freshness_with_fresh_data PASSED [ 16%]
tests/core/test_observability_enhanced.py::TestEnhancedDataSourceMetrics::test_update_data_freshness_with_stale_data PASSED [ 16%]
tests/core/test_observability_enhanced.py::TestEnhancedDataSourceMetrics::test_update_kite_token_freshness_fresh PASSED [ 16%]
tests/core/test_observability_enhanced.py::TestEnhancedDataSourceMetrics::test_update_kite_token_freshness_expired PASSED [ 16%]
tests/core/test_observability_enhanced.py::TestEnhancedDataSourceMetrics::test_data_source_metrics_complete_workflow PASSED [ 16%]
tests/core/test_observability_enhanced.py::TestEnhancedLiveTradingMetrics::test_order_latency_observes_trading_latency PASSED [ 16%]
tests/core/test_observability_enhanced.py::TestEnhancedLiveTradingMetrics::test_order_latency_with_different_order_types PASSED [ 16%]
tests/core/test_observability_enhanced.py::TestEnhancedLiveTradingMetrics::test_order_latency_with_high_latency_scenarios PASSED [ 16%]
tests/core/test_observability_enhanced.py::TestEnhancedLiveTradingMetrics::test_update_position_count_long_positions PASSED [ 16%]
tests/core/test_observability_enhanced.py::TestEnhancedLiveTradingMetrics::test_update_position_count_short_positions PASSED [ 16%]
tests/core/test_observability_enhanced.py::TestEnhancedLiveTradingMetrics::test_update_position_count_zero_positions PASSED [ 16%]
tests/core/test_observability_enhanced.py::TestEnhancedLiveTradingMetrics::test_record_broker_api_call_all_methods PASSED [ 16%]
tests/core/test_observability_enhanced.py::TestEnhancedLiveTradingMetrics::test_record_broker_api_call_all_statuses PASSED [ 16%]
tests/core/test_observability_enhanced.py::TestEnhancedLiveTradingMetrics::test_record_risk_check_duration_all_check_types PASSED [ 16%]
tests/core/test_observability_enhanced.py::TestEnhancedLiveTradingMetrics::test_live_trading_metrics_complete_workflow PASSED [ 16%]
tests/core/test_observability_enhanced.py::TestAlertRulesEngine::test_rules_engine_initializes_with_default_rules PASSED [ 16%]
tests/core/test_observability_enhanced.py::TestAlertRulesEngine::test_add_rule_adds_new_rule PASSED [ 16%]
tests/core/test_observability_enhanced.py::TestAlertRulesEngine::test_remove_rule_removes_existing_rule PASSED [ 16%]
tests/core/test_observability_enhanced.py::TestAlertRulesEngine::test_evaluate_rules_returns_empty_list_when_no_rules_triggered PASSED [ 16%]
tests/core/test_observability_enhanced.py::TestAlertRulesEngine::test_evaluate_rules_triggers_token_expiry_rule PASSED [ 16%]
tests/core/test_observability_enhanced.py::TestAlertRulesEngine::test_evaluate_rules_triggers_position_limit_breach PASSED [ 16%]
tests/core/test_observability_enhanced.py::TestAlertRulesEngine::test_evaluate_rules_triggers_daily_loss_threshold PASSED [ 16%]
tests/core/test_observability_enhanced.py::TestAlertRulesEngine::test_evaluate_rules_triggers_data_source_failure PASSED [ 16%]
tests/core/test_observability_enhanced.py::TestAlertRulesEngine::test_evaluate_rules_triggers_multiple_rules PASSED [ 16%]
tests/core/test_observability_enhanced.py::TestAlertRulesEngine::test_evaluate_rules_ignores_disabled_rules PASSED [ 16%]
tests/core/test_observability_enhanced.py::TestAlertRulesEngine::test_evaluate_rules_handles_condition_exceptions PASSED [ 16%]
tests/core/test_observability_enhanced.py::TestAlertThrottler::test_throttler_allows_first_alert PASSED [ 16%]
tests/core/test_observability_enhanced.py::TestAlertThrottler::test_throttler_blocks_alert_within_interval PASSED [ 16%]
tests/core/test_observability_enhanced.py::TestAlertThrottler::test_throttler_allows_alert_after_interval PASSED [ 16%]
tests/core/test_observability_enhanced.py::TestAlertThrottler::test_throttler_independent_for_different_rules PASSED [ 16%]
tests/core/test_observability_enhanced.py::TestAlertThrottler::test_throttler_record_sent_updates_timestamp PASSED [ 16%]
tests/core/test_observability_enhanced.py::TestAlertThrottler::test_throttler_reset_single_rule PASSED [ 16%]
tests/core/test_observability_enhanced.py::TestAlertThrottler::test_throttler_reset_all_rules PASSED [ 17%]
tests/core/test_observability_enhanced.py::TestAlertThrottler::test_throttler_with_custom_interval PASSED [ 17%]
tests/core/test_observability_enhanced.py::TestMultiChannelAlertManager::test_manager_initializes_with_channels PASSED [ 17%]
tests/core/test_observability_enhanced.py::TestMultiChannelAlertManager::test_send_alert_generates_alert_id PASSED [ 17%]
tests/core/test_observability_enhanced.py::TestMultiChannelAlertManager::test_send_alert_with_throttling_blocks_duplicate PASSED [ 17%]
tests/core/test_observability_enhanced.py::TestMultiChannelAlertManager::test_send_alert_without_rule_bypasses_throttling PASSED [ 17%]
tests/core/test_observability_enhanced.py::TestMultiChannelAlertManager::test_send_alert_registers_with_acknowledgment_tracker PASSED [ 17%]
tests/core/test_observability_enhanced.py::TestMultiChannelAlertManager::test_evaluate_and_alert_triggers_rules PASSED [ 17%]
tests/core/test_observability_enhanced.py::TestMultiChannelAlertManager::test_evaluate_and_alert_handles_no_triggered_rules PASSED [ 17%]
tests/core/test_observability_enhanced.py::TestMultiChannelAlertManager::test_acknowledge_alert PASSED [ 17%]
tests/core/test_observability_enhanced.py::TestMultiChannelAlertManager::test_acknowledge_nonexistent_alert_returns_false PASSED [ 17%]
tests/core/test_observability_enhanced.py::TestMultiChannelAlertManager::test_get_unacknowledged_alerts PASSED [ 17%]
tests/core/test_observability_enhanced.py::TestMultiChannelAlertManager::test_get_unacknowledged_alerts_filtered_by_rule PASSED [ 17%]
tests/core/test_observability_enhanced.py::TestMultiChannelAlertManager::test_cleanup_old_alerts PASSED [ 17%]
tests/core/test_observability_enhanced.py::TestMultiChannelAlertManager::test_add_channel PASSED [ 17%]
tests/core/test_observability_enhanced.py::TestMultiChannelAlertManager::test_add_duplicate_channel_not_added PASSED [ 17%]
tests/core/test_observability_enhanced.py::TestAlertAcknowledgmentTracker::test_register_alert_creates_entry PASSED [ 17%]
tests/core/test_observability_enhanced.py::TestAlertAcknowledgmentTracker::test_acknowledge_updates_entry PASSED [ 17%]
tests/core/test_observability_enhanced.py::TestAlertAcknowledgmentTracker::test_acknowledge_nonexistent_returns_false PASSED [ 17%]
tests/core/test_observability_enhanced.py::TestAlertAcknowledgmentTracker::test_is_acknowledged_returns_status PASSED [ 17%]
tests/core/test_observability_enhanced.py::TestAlertAcknowledgmentTracker::test_get_unacknowledged_returns_unacknowledged PASSED [ 17%]
tests/core/test_observability_enhanced.py::TestAlertAcknowledgmentTracker::test_get_unacknowledged_filtered_by_rule PASSED [ 17%]
tests/core/test_observability_enhanced.py::TestAlertAcknowledgmentTracker::test_cleanup_old_alerts_removes_old_acked PASSED [ 17%]
tests/core/test_observability_enhanced.py::TestBuildDashboardPayload::test_build_dashboard_payload_with_empty_data PASSED [ 17%]
tests/core/test_observability_enhanced.py::TestBuildDashboardPayload::test_build_dashboard_payload_with_data PASSED [ 17%]
tests/core/test_observability_enhanced.py::TestBuildDashboardPayload::test_build_dashboard_payload_excludes_unknown_tabs PASSED [ 17%]
tests/core/test_observability_enhanced.py::TestBuildScannerPayload::test_build_scanner_payload_with_none_result PASSED [ 17%]
tests/core/test_observability_enhanced.py::TestBuildScannerPayload::test_build_scanner_payload_with_result PASSED [ 17%]
tests/core/test_observability_enhanced.py::TestConvertCandidatesToHealthMatrix::test_convert_candidates_with_empty_list PASSED [ 17%]
tests/core/test_observability_enhanced.py::TestRenderInstrumentScannerTab::test_render_scanner_tab_with_none_result PASSED [ 17%]
tests/core/test_observability_enhanced.py::TestObservabilityIntegration::test_metrics_alert_throttling_workflow PASSED [ 17%]
tests/core/test_observability_enhanced.py::TestObservabilityIntegration::test_dashboard_metrics_integration PASSED [ 17%]
tests/core/test_observability_enhanced.py::TestObservabilityIntegration::test_alert_acknowledgment_workflow PASSED [ 17%]
tests/core/test_observability_enhanced.py::TestObservabilityIntegration::test_multi_rule_evaluation_with_throttling PASSED [ 17%]
tests/core/test_observability_enhanced.py::TestObservabilityIntegration::test_live_trading_scenario PASSED [ 17%]
tests/core/test_observability_enhanced.py::TestObservabilityIntegration::test_data_source_failure_scenario PASSED [ 17%]
tests/core/test_observability_logging.py::TestJsonFormatter::test_add_fields_includes_timestamp PASSED [ 17%]
tests/core/test_observability_logging.py::TestJsonFormatter::test_add_fields_includes_level PASSED [ 17%]
tests/core/test_observability_logging.py::TestJsonFormatter::test_add_fields_includes_logger_name PASSED [ 17%]
tests/core/test_observability_logging.py::TestJsonFormatter::test_add_fields_includes_thread_and_process PASSED [ 17%]
tests/core/test_observability_logging.py::TestJsonFormatter::test_add_fields_includes_exception PASSED [ 17%]
tests/core/test_observability_logging.py::TestSetupStructuredLogging::test_setup_returns_logger PASSED [ 17%]
tests/core/test_observability_logging.py::TestSetupStructuredLogging::test_setup_clears_existing_handlers PASSED [ 17%]
tests/core/test_observability_logging.py::TestSetupStructuredLogging::test_setup_sets_log_level PASSED [ 17%]
tests/core/test_observability_logging.py::TestSetupStructuredLogging::test_setup_with_invalid_level_defaults_to_info PASSED [ 17%]
tests/core/test_observability_logging.py::TestSetupStructuredLogging::test_setup_uses_json_formatter_by_default PASSED [ 17%]
tests/core/test_observability_logging.py::TestSetupStructuredLogging::test_setup_uses_text_format_when_configured PASSED [ 17%]
tests/core/test_observability_logging.py::TestSetupStructuredLogging::test_setup_handles_config_failure_gracefully PASSED [ 17%]
tests/core/test_observability_logging.py::TestGetLogger::test_get_logger_returns_logger PASSED [ 17%]
tests/core/test_observability_logging.py::TestGetLogger::test_get_logger_with_module_name PASSED [ 18%]
tests/core/test_observability_logging.py::TestLogContext::test_log_context_adds_attributes_to_records PASSED [ 18%]
tests/core/test_observability_logging.py::TestLogContext::test_log_context_restores_original_factory PASSED [ 18%]
tests/core/test_observability_logging.py::TestLogContext::test_log_context_with_nested_contexts PASSED [ 18%]
tests/core/test_observability_logging.py::TestLogContext::test_log_context_with_exception PASSED [ 18%]
tests/core/test_observability_logging.py::TestLogContext::test_log_context_with_empty_context PASSED [ 18%]
tests/core/test_observability_logging.py::TestIntegration::test_json_logging_setup_does_not_crash PASSED [ 18%]
tests/core/test_observability_logging.py::TestIntegration::test_logging_with_exception_info PASSED [ 18%]
tests/core/test_observability_logging.py::TestIntegration::test_logging_with_context PASSED [ 18%]
tests/core/test_observability_metrics.py::TestMetricsInitialization::test_trade_counter_is_counter PASSED [ 18%]
tests/core/test_observability_metrics.py::TestMetricsInitialization::test_trade_pnl_is_gauge PASSED [ 18%]
tests/core/test_observability_metrics.py::TestMetricsInitialization::test_open_positions_is_gauge PASSED [ 18%]
tests/core/test_observability_metrics.py::TestMetricsInitialization::test_portfolio_value_is_gauge PASSED [ 18%]
tests/core/test_observability_metrics.py::TestMetricsInitialization::test_daily_pnl_is_gauge PASSED [ 18%]
tests/core/test_observability_metrics.py::TestMetricsInitialization::test_api_request_duration_is_histogram PASSED [ 18%]
tests/core/test_observability_metrics.py::TestMetricsInitialization::test_api_request_counter_is_counter PASSED [ 18%]
tests/core/test_observability_metrics.py::TestMetricsInitialization::test_scan_cycle_duration_is_histogram PASSED [ 18%]
tests/core/test_observability_metrics.py::TestMetricsInitialization::test_model_inference_duration_is_histogram PASSED [ 18%]
tests/core/test_observability_metrics.py::TestMetricsInitialization::test_error_counter_is_counter PASSED [ 18%]
tests/core/test_observability_metrics.py::TestMetricsInitialization::test_broker_connection_status_is_gauge PASSED [ 18%]
tests/core/test_observability_metrics.py::TestMetricsInitialization::test_database_connection_status_is_gauge PASSED [ 18%]
tests/core/test_observability_metrics.py::TestMetricsInitialization::test_ml_model_status_is_gauge PASSED [ 18%]
tests/core/test_observability_metrics.py::TestMetricsInitialization::test_app_info_is_info PASSED [ 18%]
tests/core/test_observability_metrics.py::TestMetricsInitialization::test_data_source_requests_total_is_counter PASSED [ 18%]
tests/core/test_observability_metrics.py::TestMetricsInitialization::test_data_source_simple_latency_is_histogram PASSED [ 18%]
tests/core/test_observability_metrics.py::TestMetricsInitialization::test_data_source_fallback_total_is_counter PASSED [ 18%]
tests/core/test_observability_metrics.py::TestMetricsInitialization::test_data_freshness_seconds_is_gauge PASSED [ 18%]
tests/core/test_observability_metrics.py::TestMetricsInitialization::test_kite_token_freshness_is_gauge PASSED [ 18%]
tests/core/test_observability_metrics.py::TestDataSourceMetrics::test_record_data_source_request_increments_counter PASSED [ 18%]
tests/core/test_observability_metrics.py::TestDataSourceMetrics::test_record_data_source_request_with_different_statuses PASSED [ 18%]
tests/core/test_observability_metrics.py::TestDataSourceMetrics::test_record_data_source_request_with_different_sources PASSED [ 18%]
tests/core/test_observability_metrics.py::TestDataSourceMetrics::test_record_data_source_request_latency_observes_latency PASSED [ 18%]
tests/core/test_observability_metrics.py::TestDataSourceMetrics::test_record_data_source_request_latency_with_different_sources PASSED [ 18%]
tests/core/test_observability_metrics.py::TestDataSourceMetrics::test_record_data_source_request_latency_with_zero_latency PASSED [ 18%]
tests/core/test_observability_metrics.py::TestDataSourceMetrics::test_record_data_source_request_latency_with_high_latency PASSED [ 18%]
tests/core/test_observability_metrics.py::TestDataSourceMetrics::test_record_data_source_fallback_increments_counter PASSED [ 18%]
tests/core/test_observability_metrics.py::TestDataSourceMetrics::test_record_data_source_fallback_with_different_sources PASSED [ 18%]
tests/core/test_observability_metrics.py::TestDataSourceMetrics::test_update_data_freshness_sets_value PASSED [ 18%]
tests/core/test_observability_metrics.py::TestDataSourceMetrics::test_update_data_freshness_with_zero_freshness PASSED [ 18%]
tests/core/test_observability_metrics.py::TestDataSourceMetrics::test_update_data_freshness_with_stale_data PASSED [ 18%]
tests/core/test_observability_metrics.py::TestDataSourceMetrics::test_update_data_freshness_with_different_sources PASSED [ 18%]
tests/core/test_observability_metrics.py::TestDataSourceMetrics::test_update_kite_token_freshness_fresh PASSED [ 18%]
tests/core/test_observability_metrics.py::TestDataSourceMetrics::test_update_kite_token_freshness_expired PASSED [ 18%]
tests/core/test_observability_metrics.py::TestDataSourceMetrics::test_data_source_metrics_integration PASSED [ 18%]
tests/core/test_observability_metrics.py::TestInitializeMetrics::test_initialize_metrics_sets_app_info PASSED [ 18%]
tests/core/test_observability_metrics.py::TestInitializeMetrics::test_initialize_metrics_with_default_environment PASSED [ 18%]
tests/core/test_observability_metrics.py::TestInitializeMetrics::test_initialize_metrics_with_custom_version PASSED [ 18%]
tests/core/test_observability_metrics.py::TestRecordTrade::test_record_trade_increments_counter PASSED [ 18%]
tests/core/test_observability_metrics.py::TestRecordTrade::test_record_trade_with_pnl PASSED [ 18%]
tests/core/test_observability_metrics.py::TestRecordTrade::test_record_trade_with_different_statuses PASSED [ 19%]
tests/core/test_observability_metrics.py::TestRecordTrade::test_record_trade_with_different_exchanges PASSED [ 19%]
tests/core/test_observability_metrics.py::TestUpdateOpenPositions::test_update_open_positions_sets_value PASSED [ 19%]
tests/core/test_observability_metrics.py::TestUpdateOpenPositions::test_update_open_positions_with_zero PASSED [ 19%]
tests/core/test_observability_metrics.py::TestUpdateOpenPositions::test_update_open_positions_with_large_number PASSED [ 19%]
tests/core/test_observability_metrics.py::TestUpdatePortfolioValue::test_update_portfolio_value_sets_value PASSED [ 19%]
tests/core/test_observability_metrics.py::TestUpdatePortfolioValue::test_update_portfolio_value_with_negative PASSED [ 19%]
tests/core/test_observability_metrics.py::TestUpdatePortfolioValue::test_update_portfolio_value_with_zero PASSED [ 19%]
tests/core/test_observability_metrics.py::TestUpdateDailyPnL::test_update_daily_pnl_sets_value PASSED [ 19%]
tests/core/test_observability_metrics.py::TestUpdateDailyPnL::test_update_daily_pnl_with_loss PASSED [ 19%]
tests/core/test_observability_metrics.py::TestUpdateDailyPnL::test_update_daily_pnl_with_zero PASSED [ 19%]
tests/core/test_observability_metrics.py::TestRecordScanCycle::test_record_scan_cycle_observes_duration PASSED [ 19%]
tests/core/test_observability_metrics.py::TestRecordScanCycle::test_record_scan_cycle_with_different_types PASSED [ 19%]
tests/core/test_observability_metrics.py::TestRecordScanCycle::test_record_scan_cycle_with_zero_duration PASSED [ 19%]
tests/core/test_observability_metrics.py::TestRecordScanCycle::test_record_scan_cycle_with_long_duration PASSED [ 19%]
tests/core/test_observability_metrics.py::TestRecordModelInference::test_record_model_inference_observes_duration PASSED [ 19%]
tests/core/test_observability_metrics.py::TestRecordModelInference::test_record_model_inference_with_different_models PASSED [ 19%]
tests/core/test_observability_metrics.py::TestRecordModelInference::test_record_model_inference_with_zero_duration PASSED [ 19%]
tests/core/test_observability_metrics.py::TestRecordError::test_record_error_increments_counter PASSED [ 19%]
tests/core/test_observability_metrics.py::TestRecordError::test_record_error_with_different_components PASSED [ 19%]
tests/core/test_observability_metrics.py::TestRecordError::test_record_error_with_different_error_types PASSED [ 19%]
tests/core/test_observability_metrics.py::TestUpdateBrokerConnectionStatus::test_update_broker_connection_status_connected PASSED [ 19%]
tests/core/test_observability_metrics.py::TestUpdateBrokerConnectionStatus::test_update_broker_connection_status_disconnected PASSED [ 19%]
tests/core/test_observability_metrics.py::TestUpdateBrokerConnectionStatus::test_update_broker_connection_status_different_brokers PASSED [ 19%]
tests/core/test_observability_metrics.py::TestUpdateDatabaseConnectionStatus::test_update_database_connection_status_connected PASSED [ 19%]
tests/core/test_observability_metrics.py::TestUpdateDatabaseConnectionStatus::test_update_database_connection_status_disconnected PASSED [ 19%]
tests/core/test_observability_metrics.py::TestUpdateDatabaseConnectionStatus::test_update_database_connection_status_different_databases PASSED [ 19%]
tests/core/test_observability_metrics.py::TestUpdateMLModelStatus::test_update_ml_model_status_available PASSED [ 19%]
tests/core/test_observability_metrics.py::TestUpdateMLModelStatus::test_update_ml_model_status_unavailable PASSED [ 19%]
tests/core/test_observability_metrics.py::TestUpdateMLModelStatus::test_update_ml_model_status_different_models PASSED [ 19%]
tests/core/test_observability_metrics.py::TestInstrumentFastAPIApp::test_instrument_fastapi_app_returns_instrumentator PASSED [ 19%]
tests/core/test_observability_metrics.py::TestInstrumentFastAPIApp::test_instrument_fastapi_app_configures_excluded_handlers PASSED [ 19%]
tests/core/test_observability_metrics.py::TestStartMetricsServer::test_start_metrics_server_starts_server PASSED [ 19%]
tests/core/test_observability_metrics.py::TestStartMetricsServer::test_start_metrics_server_with_default_port PASSED [ 19%]
tests/core/test_observability_metrics.py::TestStartMetricsServer::test_start_metrics_server_with_custom_port PASSED [ 19%]
tests/core/test_observability_metrics.py::TestTrackExecutionTime::test_track_execution_time_decorator PASSED [ 19%]
tests/core/test_observability_metrics.py::TestTrackExecutionTime::test_track_execution_time_with_histogram PASSED [ 19%]
tests/core/test_observability_metrics.py::TestTrackExecutionTime::test_track_execution_time_with_summary PASSED [ 19%]
tests/core/test_observability_metrics.py::TestTrackExecutionTime::test_track_execution_time_with_exception PASSED [ 19%]
tests/core/test_observability_metrics.py::TestLiveTradingMetrics::test_iatb_order_latency_seconds_is_histogram PASSED [ 19%]
tests/core/test_observability_metrics.py::TestLiveTradingMetrics::test_iatb_position_count_is_gauge PASSED [ 19%]
tests/core/test_observability_metrics.py::TestLiveTradingMetrics::test_iatb_broker_api_calls_total_is_counter PASSED [ 19%]
tests/core/test_observability_metrics.py::TestLiveTradingMetrics::test_iatb_risk_check_duration_seconds_is_histogram PASSED [ 19%]
tests/core/test_observability_metrics.py::TestRecordOrderLatency::test_record_order_latency_observes_latency PASSED [ 19%]
tests/core/test_observability_metrics.py::TestRecordOrderLatency::test_record_order_latency_with_different_order_types PASSED [ 19%]
tests/core/test_observability_metrics.py::TestRecordOrderLatency::test_record_order_latency_with_different_exchanges PASSED [ 19%]
tests/core/test_observability_metrics.py::TestRecordOrderLatency::test_record_order_latency_with_zero_latency PASSED [ 19%]
tests/core/test_observability_metrics.py::TestRecordOrderLatency::test_record_order_latency_with_high_latency PASSED [ 19%]
tests/core/test_observability_metrics.py::TestUpdatePositionCount::test_update_position_count_sets_value PASSED [ 19%]
tests/core/test_observability_metrics.py::TestUpdatePositionCount::test_update_position_count_with_zero PASSED [ 20%]
tests/core/test_observability_metrics.py::TestUpdatePositionCount::test_update_position_count_with_negative PASSED [ 20%]
tests/core/test_observability_metrics.py::TestUpdatePositionCount::test_update_position_count_with_different_exchanges PASSED [ 20%]
tests/core/test_observability_metrics.py::TestRecordBrokerApiCall::test_record_broker_api_call_increments_counter PASSED [ 20%]
tests/core/test_observability_metrics.py::TestRecordBrokerApiCall::test_record_broker_api_call_with_different_endpoints PASSED [ 20%]
tests/core/test_observability_metrics.py::TestRecordBrokerApiCall::test_record_broker_api_call_with_different_methods PASSED [ 20%]
tests/core/test_observability_metrics.py::TestRecordBrokerApiCall::test_record_broker_api_call_with_different_statuses PASSED [ 20%]
tests/core/test_observability_metrics.py::TestRecordRiskCheckDuration::test_record_risk_check_duration_observes_duration PASSED [ 20%]
tests/core/test_observability_metrics.py::TestRecordRiskCheckDuration::test_record_risk_check_duration_with_different_check_types PASSED [ 20%]
tests/core/test_observability_metrics.py::TestRecordRiskCheckDuration::test_record_risk_check_duration_with_zero_duration PASSED [ 20%]
tests/core/test_observability_metrics.py::TestRecordRiskCheckDuration::test_record_risk_check_duration_with_high_duration PASSED [ 20%]
tests/core/test_observability_metrics.py::TestRecordRiskCheckDuration::test_live_trading_metrics_integration PASSED [ 20%]
tests/core/test_observability_metrics.py::TestIntegration::test_full_metrics_workflow PASSED [ 20%]
tests/core/test_observability_metrics.py::TestIntegration::test_error_recording_workflow PASSED [ 20%]
tests/core/test_observability_metrics.py::TestIntegration::test_metrics_server_workflow PASSED [ 20%]
tests/core/test_observability_tracing.py::TestSetupTracing::test_setup_tracing_creates_provider PASSED [ 20%]
tests/core/test_observability_tracing.py::TestSetupTracing::test_setup_tracing_sets_global_provider PASSED [ 20%]
tests/core/test_observability_tracing.py::TestSetupTracing::test_setup_tracing_with_otlp_endpoint PASSED [ 20%]
tests/core/test_observability_tracing.py::TestSetupTracing::test_setup_tracing_with_console_export PASSED [ 20%]
tests/core/test_observability_tracing.py::TestSetupTracing::test_setup_tracing_with_console_export_env_var PASSED [ 20%]
tests/core/test_observability_tracing.py::TestSetupTracing::test_setup_tracing_with_custom_version PASSED [ 20%]
tests/core/test_observability_tracing.py::TestSetupTracing::test_setup_tracing_with_custom_environment PASSED [ 20%]
tests/core/test_observability_tracing.py::TestGetTracer::test_get_tracer_returns_tracer PASSED [ 20%]
tests/core/test_observability_tracing.py::TestGetTracer::test_get_tracer_with_default_name PASSED [ 20%]
tests/core/test_observability_tracing.py::TestSpanContext::test_span_context_creates_span PASSED [ 20%]
tests/core/test_observability_tracing.py::TestSpanContext::test_span_context_adds_attributes PASSED [ 20%]
tests/core/test_observability_tracing.py::TestSpanContext::test_span_context_with_exception PASSED [ 20%]
tests/core/test_observability_tracing.py::TestSpanContext::test_span_context_exits_properly PASSED [ 20%]
tests/core/test_observability_tracing.py::TestSpanContext::test_span_context_with_no_exception PASSED [ 20%]
tests/core/test_observability_tracing.py::TestSpanContext::test_span_context_with_empty_attributes PASSED [ 20%]
tests/core/test_observability_tracing.py::TestAddSpanAttributes::test_add_span_attributes_with_active_span PASSED [ 20%]
tests/core/test_observability_tracing.py::TestAddSpanAttributes::test_add_span_attributes_with_no_active_span PASSED [ 20%]
tests/core/test_observability_tracing.py::TestAddSpanAttributes::test_add_span_attributes_with_multiple_attributes PASSED [ 20%]
tests/core/test_observability_tracing.py::TestRecordException::test_record_exception_with_active_span PASSED [ 20%]
tests/core/test_observability_tracing.py::TestRecordException::test_record_exception_sets_error_status PASSED [ 20%]
tests/core/test_observability_tracing.py::TestRecordException::test_record_exception_with_no_active_span PASSED [ 20%]
tests/core/test_observability_tracing.py::TestRecordException::test_record_exception_with_different_exception_types PASSED [ 20%]
tests/core/test_observability_tracing.py::TestIntegration::test_tracing_end_to_end PASSED [ 20%]
tests/core/test_observability_tracing.py::TestIntegration::test_nested_spans PASSED [ 20%]
tests/core/test_pipeline_health.py::TestPipelineStage::test_all_stages_defined PASSED [ 20%]
tests/core/test_pipeline_health.py::TestPipelineStage::test_stage_is_string_enum PASSED [ 20%]
tests/core/test_pipeline_health.py::TestStageResult::test_create_successful_result PASSED [ 20%]
tests/core/test_pipeline_health.py::TestStageResult::test_create_failed_result PASSED [ 20%]
tests/core/test_pipeline_health.py::TestStageResult::test_result_is_frozen PASSED [ 20%]
tests/core/test_pipeline_health.py::TestPipelineRun::test_record_successful_stage PASSED [ 20%]
tests/core/test_pipeline_health.py::TestPipelineRun::test_record_failed_stage_not_in_completed PASSED [ 20%]
tests/core/test_pipeline_health.py::TestPipelineRun::test_multiple_stages_recorded PASSED [ 20%]
tests/core/test_pipeline_health.py::TestPipelineRun::test_get_snapshot PASSED [ 20%]
tests/core/test_pipeline_health.py::TestPipelineRun::test_finish_records_in_monitor PASSED [ 20%]
tests/core/test_pipeline_health.py::TestPipelineRun::test_finish_twice_raises PASSED [ 21%]
tests/core/test_pipeline_health.py::TestPipelineRun::test_pipeline_id_property PASSED [ 21%]
tests/core/test_pipeline_health.py::TestPipelineHealthMonitor::test_run_history_bounded PASSED [ 21%]
tests/core/test_pipeline_health.py::TestPipelineHealthMonitor::test_latest_run PASSED [ 21%]
tests/core/test_pipeline_health.py::TestPipelineHealthMonitor::test_latest_run_none_when_empty PASSED [ 21%]
tests/core/test_pipeline_health.py::TestPipelineHealthMonitor::test_consecutive_failures PASSED [ 21%]
tests/core/test_pipeline_health.py::TestPipelineHealthMonitor::test_consecutive_failures_reset_by_success PASSED [ 21%]
tests/core/test_pipeline_health.py::TestPipelineHealthMonitor::test_is_healthy_below_threshold PASSED [ 21%]
tests/core/test_pipeline_health.py::TestPipelineHealthMonitor::test_is_unhealthy_at_threshold PASSED [ 21%]
tests/core/test_pipeline_health.py::TestPipelineHealthMonitor::test_stage_stats PASSED [ 21%]
tests/core/test_pipeline_health.py::TestPipelineHealthMonitor::test_stage_stats_no_data PASSED [ 21%]
tests/core/test_pipeline_health.py::TestPipelineHealthMonitor::test_invalid_max_history PASSED [ 21%]
tests/core/test_pipeline_health.py::TestPipelineHealthMonitor::test_invalid_unhealthy_threshold PASSED [ 21%]
tests/core/test_pipeline_health.py::TestPipelineHealthMonitor::test_history_does_not_exceed_max PASSED [ 21%]
tests/core/test_pipeline_health.py::TestPipelineStageTimer::test_successful_stage_timing PASSED [ 21%]
tests/core/test_pipeline_health.py::TestPipelineStageTimer::test_failed_stage_timing PASSED [ 21%]
tests/core/test_pipeline_health.py::TestPipelineStageTimer::test_mark_success PASSED [ 21%]
tests/core/test_pipeline_health.py::TestPipelineStageTimer::test_mark_failure PASSED [ 21%]
tests/core/test_pipeline_health.py::TestPipelineStageTimer::test_mark_without_start_raises PASSED [ 21%]
tests/core/test_pipeline_health.py::TestPipelineStageTimer::test_mark_failure_without_start_raises PASSED [ 21%]
tests/core/test_pipeline_health.py::TestCheckpointData::test_round_trip_serialization PASSED [ 21%]
tests/core/test_pipeline_health.py::TestCheckpointData::test_naive_datetime_gets_utc PASSED [ 21%]
tests/core/test_pipeline_health.py::TestCheckpointData::test_invalid_data_raises PASSED [ 21%]
tests/core/test_pipeline_health.py::TestCheckpointData::test_invalid_stage_raises PASSED [ 21%]
tests/core/test_pipeline_health.py::TestPipelineCheckpoint::test_save_and_load PASSED [ 21%]
tests/core/test_pipeline_health.py::TestPipelineCheckpoint::test_load_nonexistent_returns_none PASSED [ 21%]
tests/core/test_pipeline_health.py::TestPipelineCheckpoint::test_delete PASSED [ 21%]
tests/core/test_pipeline_health.py::TestPipelineCheckpoint::test_delete_nonexistent PASSED [ 21%]
tests/core/test_pipeline_health.py::TestPipelineCheckpoint::test_list_checkpoints PASSED [ 21%]
tests/core/test_pipeline_health.py::TestPipelineCheckpoint::test_list_checkpoints_empty_dir PASSED [ 21%]
tests/core/test_pipeline_health.py::TestPipelineCheckpoint::test_cleanup_old PASSED [ 21%]
tests/core/test_pipeline_health.py::TestPipelineCheckpoint::test_cleanup_keeps_recent PASSED [ 21%]
tests/core/test_pipeline_health.py::TestPipelineCheckpoint::test_save_creates_directory PASSED [ 21%]
tests/core/test_pipeline_health.py::TestPipelineCheckpoint::test_corrupted_file_returns_none PASSED [ 21%]
tests/core/test_pipeline_health.py::TestPipelineCheckpoint::test_empty_checkpoint_dir_raises PASSED [ 21%]
tests/core/test_pipeline_health.py::TestCreateCheckpointFromStages::test_successful_pipeline PASSED [ 21%]
tests/core/test_pipeline_health.py::TestCreateCheckpointFromStages::test_failed_pipeline PASSED [ 21%]
tests/core/test_pipeline_health.py::TestCreateCheckpointFromStages::test_empty_stages PASSED [ 21%]
tests/core/test_pipeline_health.py::TestCreateCheckpointFromStages::test_with_metadata PASSED [ 21%]
tests/core/test_pipeline_health.py::TestScanCycleIntegration::test_run_scan_cycle_has_pipeline_id PASSED [ 21%]
tests/core/test_pipeline_health.py::TestScanCycleIntegration::test_module_health_monitor_accessible PASSED [ 21%]
tests/core/test_pipeline_health.py::TestScanCycleIntegration::test_custom_health_monitor PASSED [ 21%]
tests/core/test_pipeline_health.py::TestScanCycleIntegration::test_pipeline_error_still_records PASSED [ 21%]
tests/core/test_pipeline_health.py::TestPipelineSnapshot::test_snapshot_fields PASSED [ 21%]
tests/core/test_pipeline_health.py::TestPipelineSnapshot::test_snapshot_with_errors PASSED [ 21%]
tests/core/test_preflight.py::TestRunCheck::test_run_check_pass PASSED   [ 21%]
tests/core/test_preflight.py::TestRunCheck::test_run_check_fail PASSED   [ 21%]
tests/core/test_preflight.py::TestRunCheck::test_run_check_multiple_failures PASSED [ 21%]
tests/core/test_preflight.py::TestRunCheck::test_run_check_exception_not_config_error PASSED [ 21%]
tests/core/test_preflight.py::TestCheckClockDrift::test_check_clock_drift_normal PASSED [ 22%]
tests/core/test_preflight.py::TestCheckClockDrift::test_check_clock_drift_custom_threshold PASSED [ 22%]
tests/core/test_preflight.py::TestCheckClockDrift::test_check_clock_drift_always_passes PASSED [ 22%]
tests/core/test_preflight.py::TestCheckExecutor::test_check_executor_no_open_orders PASSED [ 22%]
tests/core/test_preflight.py::TestCheckExecutor::test_check_executor_with_open_orders PASSED [ 22%]
tests/core/test_preflight.py::TestCheckExecutor::test_check_executor_exception PASSED [ 22%]
tests/core/test_preflight.py::TestCheckKillSwitch::test_check_kill_switch_disengaged PASSED [ 22%]
tests/core/test_preflight.py::TestCheckKillSwitch::test_check_kill_switch_engaged PASSED [ 22%]
tests/core/test_preflight.py::TestCheckPathExists::test_check_path_exists_file PASSED [ 22%]
tests/core/test_preflight.py::TestCheckPathExists::test_check_path_exists_directory PASSED [ 22%]
tests/core/test_preflight.py::TestCheckPathExists::test_check_path_exists_not_found PASSED [ 22%]
tests/core/test_preflight.py::TestCheckPathWritable::test_check_path_writable_existing_parent PASSED [ 22%]
tests/core/test_preflight.py::TestCheckPathWritable::test_check_path_writable_creates_parent PASSED [ 22%]
tests/core/test_preflight.py::TestCheckPathWritable::test_check_path_writable_permission_denied PASSED [ 22%]
tests/core/test_preflight.py::TestRunPreflightChecks::test_run_preflight_checks_all_pass PASSED [ 22%]
tests/core/test_preflight.py::TestRunPreflightChecks::test_run_preflight_checks_clock_drift_fails PASSED [ 22%]
tests/core/test_preflight.py::TestRunPreflightChecks::test_run_preflight_checks_executor_fails PASSED [ 22%]
tests/core/test_preflight.py::TestRunPreflightChecks::test_run_preflight_checks_kill_switch_fails PASSED [ 22%]
tests/core/test_preflight.py::TestRunPreflightChecks::test_run_preflight_checks_data_dir_not_found PASSED [ 22%]
tests/core/test_preflight.py::TestRunPreflightChecks::test_run_preflight_checks_audit_db_not_writable PASSED [ 22%]
tests/core/test_preflight.py::TestRunPreflightChecks::test_run_preflight_checks_multiple_failures PASSED [ 22%]
tests/core/test_preflight.py::TestPreflightEdgeCases::test_check_executor_with_none_value PASSED [ 22%]
tests/core/test_preflight.py::TestPreflightEdgeCases::test_check_kill_switch_with_none_kill_switch PASSED [ 22%]
tests/core/test_preflight.py::TestPreflightEdgeCases::test_check_path_exists_with_none_path PASSED [ 22%]
tests/core/test_preflight.py::TestPreflightEdgeCases::test_check_path_writable_with_none_path PASSED [ 22%]
tests/core/test_preflight.py::TestPreflightEdgeCases::test_run_preflight_checks_with_invalid_paths PASSED [ 22%]
tests/core/test_property_invariants.py::test_property_event_ordering_preserved PASSED [ 22%]
tests/core/test_property_invariants.py::test_property_bus_delivery_to_all_subscribers PASSED [ 22%]
tests/core/test_property_invariants.py::test_property_clock_session_boundaries PASSED [ 22%]
tests/core/test_queue.py::TestEventMetadata::test_metadata_creation PASSED [ 22%]
tests/core/test_queue.py::TestEventMetadata::test_metadata_sequence_increment PASSED [ 22%]
tests/core/test_queue.py::TestEventMetadata::test_metadata_different_topics PASSED [ 22%]
tests/core/test_queue.py::TestInProcessBackendLifecycle::test_initial_state_not_running PASSED [ 22%]
tests/core/test_queue.py::TestInProcessBackendLifecycle::test_start_sets_running PASSED [ 22%]
tests/core/test_queue.py::TestInProcessBackendLifecycle::test_start_is_idempotent PASSED [ 22%]
tests/core/test_queue.py::TestInProcessBackendLifecycle::test_stop_clears_running PASSED [ 22%]
tests/core/test_queue.py::TestInProcessBackendLifecycle::test_stop_is_idempotent PASSED [ 22%]
tests/core/test_queue.py::TestInProcessBackendLifecycle::test_stop_clears_subscribers PASSED [ 22%]
tests/core/test_queue.py::TestInProcessBackendSubscribe::test_subscribe_returns_unique_queues PASSED [ 22%]
tests/core/test_queue.py::TestInProcessBackendSubscribe::test_subscribe_when_not_running_raises PASSED [ 22%]
tests/core/test_queue.py::TestInProcessBackendSubscribe::test_unsubscribe_removes_queue PASSED [ 22%]
tests/core/test_queue.py::TestInProcessBackendSubscribe::test_unsubscribe_nonexistent_queue_noop PASSED [ 22%]
tests/core/test_queue.py::TestInProcessBackendSubscribe::test_unsubscribe_nonexistent_topic_noop PASSED [ 22%]
tests/core/test_queue.py::TestInProcessBackendSubscribe::test_unsubscribe_when_not_running_raises PASSED [ 22%]
tests/core/test_queue.py::TestInProcessBackendSubscribe::test_multiple_topics_independent PASSED [ 22%]
tests/core/test_queue.py::TestInProcessBackendPublish::test_publish_single_event PASSED [ 22%]
tests/core/test_queue.py::TestInProcessBackendPublish::test_publish_to_no_subscribers_noop PASSED [ 22%]
tests/core/test_queue.py::TestInProcessBackendPublish::test_publish_multiple_subscribers_all_receive PASSED [ 22%]
tests/core/test_queue.py::TestInProcessBackendPublish::test_publish_to_different_topics_isolated PASSED [ 22%]
tests/core/test_queue.py::TestInProcessBackendPublish::test_publish_when_not_running_raises PASSED [ 23%]
tests/core/test_queue.py::TestInProcessBackendPublish::test_publish_after_unsubscribe PASSED [ 23%]
tests/core/test_queue.py::TestInProcessBackendPublish::test_publish_complex_event PASSED [ 23%]
tests/core/test_queue.py::TestInProcessBackendBatch::test_publish_batch_multiple_events PASSED [ 23%]
tests/core/test_queue.py::TestInProcessBackendBatch::test_publish_batch_empty_list_noop PASSED [ 23%]
tests/core/test_queue.py::TestInProcessBackendBatch::test_publish_batch_to_no_subscribers_noop PASSED [ 23%]
tests/core/test_queue.py::TestInProcessBackendBatch::test_publish_batch_multiple_subscribers PASSED [ 23%]
tests/core/test_queue.py::TestInProcessBackendBatch::test_publish_batch_when_not_running_raises PASSED [ 23%]
tests/core/test_queue.py::TestInProcessBackendConcurrency::test_concurrent_publish_to_same_topic PASSED [ 23%]
tests/core/test_queue.py::TestInProcessBackendConcurrency::test_concurrent_subscribe_unsubscribe PASSED [ 23%]
tests/core/test_queue.py::TestInProcessBackendPublishErrors::test_publish_queue_put_error_raises PASSED [ 23%]
tests/core/test_queue.py::TestRedisStreamBackendSerialization::test_serialize_dict_event PASSED [ 23%]
tests/core/test_queue.py::TestRedisStreamBackendSerialization::test_serialize_pydantic_event PASSED [ 23%]
tests/core/test_queue.py::TestRedisStreamBackendSerialization::test_deserialize_event PASSED [ 23%]
tests/core/test_queue.py::TestRedisStreamBackendSerialization::test_deserialize_empty_data PASSED [ 23%]
tests/core/test_queue.py::TestRedisStreamBackendSerialization::test_deserialize_invalid_json_raises PASSED [ 23%]
tests/core/test_queue.py::TestRedisStreamBackendMocked::test_start_success SKIPPED [ 23%]
tests/core/test_queue.py::TestRedisStreamBackendMocked::test_start_missing_redis_package SKIPPED [ 23%]
tests/core/test_queue.py::TestRedisStreamBackendMocked::test_start_connection_failure SKIPPED [ 23%]
tests/core/test_queue.py::TestRedisStreamBackendMocked::test_publish_without_client_raises SKIPPED [ 23%]
tests/core/test_queue.py::TestRedisStreamBackendMocked::test_publish_failure SKIPPED [ 23%]
tests/core/test_queue.py::TestRedisStreamBackendMocked::test_publish_batch_uses_pipeline SKIPPED [ 23%]
tests/core/test_queue.py::TestRedisStreamBackendMocked::test_publish_batch_empty_noop SKIPPED [ 23%]
tests/core/test_queue.py::TestRedisStreamBackendMocked::test_subscribe_creates_listener_task SKIPPED [ 23%]
tests/core/test_queue.py::TestRedisStreamBackendMocked::test_stop_cancels_listener_tasks SKIPPED [ 23%]
tests/core/test_queue.py::TestCreateBackend::test_create_inprocess_default PASSED [ 23%]
tests/core/test_queue.py::TestCreateBackend::test_create_inprocess_explicit PASSED [ 23%]
tests/core/test_queue.py::TestCreateBackend::test_create_redis_with_kwargs PASSED [ 23%]
tests/core/test_queue.py::TestCreateBackend::test_create_invalid_type_raises PASSED [ 23%]
tests/core/test_queue.py::TestCreateBackend::test_create_empty_type_raises PASSED [ 23%]
tests/core/test_queue.py::TestEventBusBackendAbstract::test_cannot_instantiate_directly PASSED [ 23%]
tests/core/test_queue.py::TestEventBusBackendAbstract::test_validate_running_raises_when_stopped PASSED [ 23%]
tests/core/test_queue.py::TestEventBusBackendAbstract::test_validate_running_passes_when_started PASSED [ 23%]
tests/core/test_queue_redis.py::TestEventMetadata::test_creation PASSED  [ 23%]
tests/core/test_queue_redis.py::TestInProcessBackendExtended::test_start_idempotent PASSED [ 23%]
tests/core/test_queue_redis.py::TestInProcessBackendExtended::test_stop_idempotent PASSED [ 23%]
tests/core/test_queue_redis.py::TestInProcessBackendExtended::test_publish_no_subscribers PASSED [ 23%]
tests/core/test_queue_redis.py::TestInProcessBackendExtended::test_publish_empty_subscribers PASSED [ 23%]
tests/core/test_queue_redis.py::TestInProcessBackendExtended::test_publish_batch_empty PASSED [ 23%]
tests/core/test_queue_redis.py::TestInProcessBackendExtended::test_publish_batch_no_subscribers PASSED [ 23%]
tests/core/test_queue_redis.py::TestInProcessBackendExtended::test_not_running_publish_rejected PASSED [ 23%]
tests/core/test_queue_redis.py::TestInProcessBackendExtended::test_not_running_subscribe_rejected PASSED [ 23%]
tests/core/test_queue_redis.py::TestInProcessBackendExtended::test_not_running_unsubscribe_rejected PASSED [ 23%]
tests/core/test_queue_redis.py::TestInProcessBackendExtended::test_not_running_batch_rejected PASSED [ 23%]
tests/core/test_queue_redis.py::TestInProcessBackendExtended::test_invalid_max_queue_size PASSED [ 23%]
tests/core/test_queue_redis.py::TestInProcessBackendExtended::test_negative_max_queue_size PASSED [ 23%]
tests/core/test_queue_redis.py::TestInProcessBackendExtended::test_unsubscribe_not_subscribed PASSED [ 23%]
tests/core/test_queue_redis.py::TestRedisStreamBackendInit::test_default_params PASSED [ 23%]
tests/core/test_queue_redis.py::TestRedisStreamBackendInit::test_custom_params PASSED [ 23%]
tests/core/test_queue_redis.py::TestRedisStreamBackendSerialize::test_serialize_dict PASSED [ 24%]
tests/core/test_queue_redis.py::TestRedisStreamBackendSerialize::test_serialize_pydantic_like PASSED [ 24%]
tests/core/test_queue_redis.py::TestRedisStreamBackendSerialize::test_deserialize PASSED [ 24%]
tests/core/test_queue_redis.py::TestRedisStreamBackendSerialize::test_deserialize_empty PASSED [ 24%]
tests/core/test_queue_redis.py::TestRedisStreamBackendLifecycle::test_start_import_error PASSED [ 24%]
tests/core/test_queue_redis.py::TestRedisStreamBackendLifecycle::test_start_connection_error PASSED [ 24%]
tests/core/test_queue_redis.py::TestRedisStreamBackendLifecycle::test_stop_without_start PASSED [ 24%]
tests/core/test_queue_redis.py::TestRedisStreamBackendLifecycle::test_publish_not_running PASSED [ 24%]
tests/core/test_queue_redis.py::TestRedisStreamBackendLifecycle::test_publish_batch_not_running PASSED [ 24%]
tests/core/test_queue_redis.py::TestRedisStreamBackendLifecycle::test_subscribe_not_running PASSED [ 24%]
tests/core/test_queue_redis.py::TestRedisStreamBackendLifecycle::test_unsubscribe_not_running PASSED [ 24%]
tests/core/test_queue_redis.py::TestCreateBackend::test_create_inprocess PASSED [ 24%]
tests/core/test_queue_redis.py::TestCreateBackend::test_create_redis PASSED [ 24%]
tests/core/test_queue_redis.py::TestCreateBackend::test_create_redis_with_kwargs PASSED [ 24%]
tests/core/test_queue_redis.py::TestCreateBackend::test_create_invalid PASSED [ 24%]
tests/core/test_runtime.py::test_run_runtime_starts_and_stops_components PASSED [ 24%]
tests/core/test_runtime.py::test_register_signal_handlers PASSED         [ 24%]
tests/core/test_runtime.py::test_main_runs_and_stops PASSED              [ 24%]
tests/core/test_runtime.py::test_main_entrypoint PASSED                  [ 24%]
tests/core/test_runtime.py::test_run_runtime_without_stop_event PASSED   [ 24%]
tests/core/test_runtime.py::test_run_runtime_handles_engine_start_error PASSED [ 24%]
tests/core/test_runtime.py::test_run_runtime_handles_engine_stop_error PASSED [ 24%]
tests/core/test_runtime.py::test_main_handles_signal_handler_error PASSED [ 24%]
tests/core/test_runtime.py::test_main_logging_configuration PASSED       [ 24%]
tests/core/test_runtime.py::test_multiple_runtime_instances PASSED       [ 24%]
tests/core/test_scaling.py::TestNodeInfo::test_valid_node PASSED         [ 24%]
tests/core/test_scaling.py::TestNodeInfo::test_empty_node_id_rejected PASSED [ 24%]
tests/core/test_scaling.py::TestNodeInfo::test_invalid_port_rejected PASSED [ 24%]
tests/core/test_scaling.py::TestNodeInfo::test_invalid_port_high_rejected PASSED [ 24%]
tests/core/test_scaling.py::TestNodeInfo::test_strategy_capacity PASSED  [ 24%]
tests/core/test_scaling.py::TestNodeInfo::test_strategy_capacity_full PASSED [ 24%]
tests/core/test_scaling.py::TestNodeInfo::test_unhealthy_node_not_available PASSED [ 24%]
tests/core/test_scaling.py::TestNodeInfo::test_offline_node_not_available PASSED [ 24%]
tests/core/test_scaling.py::TestClusterHealth::test_health_ratio PASSED  [ 24%]
tests/core/test_scaling.py::TestClusterHealth::test_health_ratio_zero_nodes PASSED [ 24%]
tests/core/test_scaling.py::TestClusterHealth::test_capacity_ratio PASSED [ 24%]
tests/core/test_scaling.py::TestScalingConfig::test_valid_config PASSED  [ 24%]
tests/core/test_scaling.py::TestScalingConfig::test_invalid_heartbeat_interval PASSED [ 24%]
tests/core/test_scaling.py::TestScalingConfig::test_invalid_max_nodes PASSED [ 24%]
tests/core/test_scaling.py::TestScalingConfig::test_invalid_strategy_replicas PASSED [ 24%]
tests/core/test_scaling.py::TestClusterManager::test_register_node PASSED [ 24%]
tests/core/test_scaling.py::TestClusterManager::test_register_duplicate_rejected PASSED [ 24%]
tests/core/test_scaling.py::TestClusterManager::test_register_max_capacity_rejected PASSED [ 24%]
tests/core/test_scaling.py::TestClusterManager::test_deregister_node PASSED [ 24%]
tests/core/test_scaling.py::TestClusterManager::test_deregister_unknown_rejected PASSED [ 24%]
tests/core/test_scaling.py::TestClusterManager::test_update_heartbeat PASSED [ 24%]
tests/core/test_scaling.py::TestClusterManager::test_update_heartbeat_unknown_rejected PASSED [ 24%]
tests/core/test_scaling.py::TestClusterManager::test_get_cluster_health PASSED [ 24%]
tests/core/test_scaling.py::TestClusterManager::test_get_cluster_health_offline_node PASSED [ 24%]
tests/core/test_scaling.py::TestClusterManager::test_assign_strategy PASSED [ 25%]
tests/core/test_scaling.py::TestClusterManager::test_assign_strategy_no_nodes_rejected PASSED [ 25%]
tests/core/test_scaling.py::TestClusterManager::test_assign_strategy_least_loaded PASSED [ 25%]
tests/core/test_scaling.py::TestClusterManager::test_assign_strategy_no_capacity_rejected PASSED [ 25%]
tests/core/test_scaling.py::TestClusterManager::test_unassign_strategy PASSED [ 25%]
tests/core/test_scaling.py::TestClusterManager::test_unassign_unknown_noop PASSED [ 25%]
tests/core/test_scaling.py::TestClusterManager::test_deregister_reassigns_strategies PASSED [ 25%]
tests/core/test_scaling.py::TestClusterManager::test_elect_leader PASSED [ 25%]
tests/core/test_scaling.py::TestClusterManager::test_elect_leader_no_healthy_rejected PASSED [ 25%]
tests/core/test_scaling.py::TestClusterManager::test_deregister_leader_clears PASSED [ 25%]
tests/core/test_scaling.py::TestGenerateNodeId::test_deterministic PASSED [ 25%]
tests/core/test_scaling.py::TestGenerateNodeId::test_different_for_different_hosts PASSED [ 25%]
tests/core/test_scaling.py::TestGenerateNodeId::test_length PASSED       [ 25%]
tests/core/test_secrets_rotation.py::TestSecretMetadata::test_is_expired_false PASSED [ 25%]
tests/core/test_secrets_rotation.py::TestSecretMetadata::test_is_expired_true PASSED [ 25%]
tests/core/test_secrets_rotation.py::TestSecretMetadata::test_time_until_expiry FAILED [ 25%]

================================== FAILURES ===================================
__________________ TestSecretMetadata.test_time_until_expiry __________________
tests\core\test_secrets_rotation.py:51: in test_time_until_expiry
    assert remaining > timedelta(0)
E   assert datetime.timedelta(0) > datetime.timedelta(0)
E    +  where datetime.timedelta(0) = timedelta(0)
============================== warnings summary ===============================
C:\Users\npmvl-KP\AppData\Local\pypoetry\Cache\virtualenvs\iatb-enkvpHiN-py3.12\Lib\site-packages\pythonjsonlogger\jsonlogger.py:11
  C:\Users\npmvl-KP\AppData\Local\pypoetry\Cache\virtualenvs\iatb-enkvpHiN-py3.12\Lib\site-packages\pythonjsonlogger\jsonlogger.py:11: DeprecationWarning: pythonjsonlogger.jsonlogger has been moved to pythonjsonlogger.json
    warnings.warn(

tests\data\test_kite_ticker.py:14
  G:\IATB-02Apr26\IATB\tests\data\test_kite_ticker.py:14: DeprecationWarning: KiteTickerFeed is deprecated. Use KiteWebSocketProvider instead. This module will be removed in a future version.
    from iatb.data.kite_ticker import ConnectionStats, KiteTickerFeed, TickBuffer

tests/core/test_engine_pipeline.py::TestDynamicSymbolLoading::test_dynamic_symbol_loading_with_config
  C:\Users\npmvl-KP\AppData\Local\pypoetry\Cache\virtualenvs\iatb-enkvpHiN-py3.12\Lib\site-packages\aion_sentiment\emotions.py:52: UserWarning: pkg_resources is deprecated as an API. See https://setuptools.pypa.io/en/latest/pkg_resources.html. The pkg_resources package is slated for removal as early as 2025-11-30. Refrain from using this package or pin to Setuptools<81.
    import pkg_resources

tests/core/test_multi_channel_alerting.py::TestTelegramAlerter::test_send_alert_without_running_loop
tests/core/test_observability_alerting.py::TestTelegramAlerter::test_send_alert_with_context
tests/core/test_observability_alerting.py::TestTelegramAlerter::test_send_alert_handles_telegram_error
tests/core/test_observability_alerting.py::TestTelegramAlerter::test_send_pnl_alert_without_daily_pnl
tests/core/test_observability_alerting.py::TestTelegramAlerter::test_send_model_alert_unavailable
tests/core/test_observability_alerting.py::TestTelegramAlerter::test_send_fallback_source_alert
  C:\Program Files\Python312\Lib\unittest\mock.py:2208: RuntimeWarning: coroutine 'TelegramAlerter._send_message_async.<locals>._async_send' was never awaited
    def __init__(self, name, parent):
  Enable tracemalloc to get traceback where the object was allocated.
  See https://docs.pytest.org/en/stable/how-to/capture-warnings.html#resource-warnings for more info.

tests/core/test_observability_alerting.py::TestTelegramAlerter::test_send_data_source_failure_alert
  C:\Program Files\Python312\Lib\unittest\mock.py:68: RuntimeWarning: coroutine 'TelegramAlerter._send_message_async.<locals>._async_send' was never awaited
    def _is_instance_mock(obj):
  Enable tracemalloc to get traceback where the object was allocated.
  See https://docs.pytest.org/en/stable/how-to/capture-warnings.html#resource-warnings for more info.

tests/core/test_observability_alerting.py::TestTelegramAlerter::test_send_data_source_failure_alert_default_window
  C:\Program Files\Python312\Lib\importlib\__init__.py:90: RuntimeWarning: coroutine 'TelegramAlerter._send_message_async.<locals>._async_send' was never awaited
    return _bootstrap._gcd_import(name[level:], package, level)
  Enable tracemalloc to get traceback where the object was allocated.
  See https://docs.pytest.org/en/stable/how-to/capture-warnings.html#resource-warnings for more info.

tests/core/test_observability_enhanced.py::TestEnhancedLiveTradingMetrics::test_order_latency_observes_trading_latency
  C:\Users\npmvl-KP\AppData\Local\pypoetry\Cache\virtualenvs\iatb-enkvpHiN-py3.12\Lib\site-packages\prometheus_client\values.py:13: RuntimeWarning: coroutine 'TelegramAlerter._send_message_async.<locals>._async_send' was never awaited
    def __init__(self, typ, metric_name, name, labelnames, labelvalues, help_text, **kwargs):
  Enable tracemalloc to get traceback where the object was allocated.
  See https://docs.pytest.org/en/stable/how-to/capture-warnings.html#resource-warnings for more info.

tests/core/test_property_invariants.py::test_property_event_ordering_preserved
  C:\Users\npmvl-KP\AppData\Local\pypoetry\Cache\virtualenvs\iatb-enkvpHiN-py3.12\Lib\site-packages\hypothesis\internal\entropy.py:129: RuntimeWarning: coroutine 'TelegramAlerter._send_message_async.<locals>._async_send' was never awaited
    gc.collect()
  Enable tracemalloc to get traceback where the object was allocated.
  See https://docs.pytest.org/en/stable/how-to/capture-warnings.html#resource-warnings for more info.

-- Docs: https://docs.pytest.org/en/stable/how-to/capture-warnings.html

---------- coverage: platform win32, python 3.12.7-final-0 -----------
Name                                             Stmts   Miss Branch BrPart   Cover   Missing
---------------------------------------------------------------------------------------------
src\iatb\__init__.py                                 2      0      0      0 100.00%
src\iatb\api.py                                    105     82     26      0  17.56%   30-32, 43-70, 85-95, 106-109, 117-124, 136-158, 185-200, 222-228, 240, 257, 270-278, 293-297, 301-302, 314-318, 336-341
src\iatb\backtesting\__init__.py                    12      0      0      0 100.00%
src\iatb\backtesting\event_driven.py                46      5      8      1  85.19%   48-52
src\iatb\backtesting\forward_test.py                32      0      8      0 100.00%
src\iatb\backtesting\indian_costs.py                37      0      6      0 100.00%
src\iatb\backtesting\monte_carlo.py                 38      0      6      0 100.00%
src\iatb\backtesting\report.py                      31      0      6      0 100.00%
src\iatb\backtesting\session_masks.py               79     56     30      0  22.94%   48-59, 69-104, 113-124, 134-152, 157-159
src\iatb\backtesting\vectorbt_engine.py            379     69     76      6  82.20%   36-38, 79-80, 194-198, 203-207, 212-216, 287-309, 320->exit, 336-340, 362, 389, 408-416, 457-467, 487-496, 508-513, 540-544, 558-571, 799, 812, 983->982, 999->998
src\iatb\backtesting\vectorized.py                  59      8     10      0  88.41%   55-62
src\iatb\backtesting\walk_forward.py                74      8     16      5  85.56%   44-45, 71, 77, 86-87, 109-110
src\iatb\broker\__init__.py                          4      0      0      0 100.00%
src\iatb\broker\base.py                             77      0      0      0 100.00%
src\iatb\broker\token_manager.py                   327     80    100     14  73.30%   124-137, 148-162, 176-204, 323->328, 328->345, 341->345, 391->396, 396->406, 401-404, 421->426, 426->434, 429-432, 462-463, 475-476, 563-564, 604-605, 622->629, 626-628, 631->630, 677-690
src\iatb\broker\zerodha_broker.py                  227     15     62     10  91.35%   113-114, 626-627, 790, 794-795, 813, 817-818, 857, 860, 862, 906-907
src\iatb\core\__init__.py                            9      0      0      0 100.00%
src\iatb\core\clock.py                             211     13     52      7  91.63%   81, 112, 142-149, 201->203, 316-317, 322, 353, 363
src\iatb\core\config.py                            169      9     34      3  94.09%   168->176, 281-282, 343-345, 351->exit, 376-379
src\iatb\core\config_manager.py                    102      0     10      0 100.00%
src\iatb\core\engine.py                            117      0     20      0 100.00%
src\iatb\core\enums.py                              29      0      0      0 100.00%
src\iatb\core\event_bus.py                          39      0      4      0 100.00%
src\iatb\core\event_persistence.py                 130     20     36      4  85.54%   109-112, 142-145, 169, 175-177, 207->206, 236->235, 244-247, 266-268, 289
src\iatb\core\event_validation.py                  195     55     76      9  69.74%   50, 52, 61-62, 145-146, 152, 178-214, 219-231, 255-256, 282-283, 289-290, 304
src\iatb\core\events.py                             98      4      0      0  95.92%   134-135, 154-155
src\iatb\core\exceptions.py                         24      0      0      0 100.00%
src\iatb\core\exchange_calendar.py                 215      8     52      4  95.51%   110, 126-127, 155-156, 365->364, 538-545
src\iatb\core\health.py                              2      0      0      0 100.00%
src\iatb\core\observability\__init__.py              5      0      0      0 100.00%
src\iatb\core\observability\alerting.py            397     41     90      3  90.14%   83, 135, 138-152, 162-163, 202-204, 472-474, 631->637, 692-693, 706-729, 743-751
src\iatb\core\observability\logging_config.py       76      1     14      1  97.78%   101
src\iatb\core\observability\metrics.py              91      2      2      0  97.85%   353, 372
src\iatb\core\observability\tracing.py              52      0     20      4  94.44%   48->53, 101->104, 108->116, 116->exit
src\iatb\core\pipeline_checkpoint.py               109      9     20      2  91.47%   132-133, 177-179, 189, 208, 218-219
src\iatb\core\pipeline_health.py                   158      1     32      2  98.42%   157->156, 337
src\iatb\core\preflight.py                          53      4     10      2  90.48%   54-55, 85-86
src\iatb\core\queue.py                             246     84     76      4  62.11%   126->128, 167, 223, 229-238, 242-244, 253-264, 269-279, 284-295, 301-317, 323-349, 353-387
src\iatb\core\runtime.py                            30      3      4      1  88.24%   33-34, 51
src\iatb\core\scaling.py                           202      6     60      7  95.04%   65, 100, 201, 202->204, 230, 273->exit, 345-346
src\iatb\core\secrets_rotation.py                  151     82     30      0  38.12%   75-81, 95-100, 120-123, 127-128, 143-159, 163-172, 181-218, 222-224, 228, 232, 236-239, 243-247, 251-257, 262, 267, 272-274
src\iatb\core\sse_broadcaster.py                   116     95     32      0  14.19%   31-35, 46-62, 66-90, 99-128, 140-173, 188-216, 228, 246-248, 264-269
src\iatb\core\strategy_runner.py                   261    182     60      0  24.61%   30-32, 51-54, 62, 80-85, 100-102, 169-178, 201-207, 219, 224, 253-262, 274-297, 305-322, 341-351, 367, 392-418, 430-460, 484-501, 518-534, 558-569, 596-621, 643-666, 684-687, 711-713, 727-755, 769-776, 787, 795, 803, 819-844, 852-859
src\iatb\core\types.py                              26      4      8      2  82.35%   24-25, 33-34
src\iatb\data\__init__.py                           13      0      0      0 100.00%
src\iatb\data\base.py                               41      3      0      0  92.68%   23, 44, 63
src\iatb\data\ccxt_provider.py                     107     79     28      0  20.74%   40-44, 48-55, 59-60, 65-75, 85, 89-98, 109-126, 135-157, 161-179, 183-192
src\iatb\data\failover_provider.py                 168    120     48      0  22.22%   87-99, 104, 109, 114, 119, 124, 132-140, 148-157, 167-183, 234-251, 269-277, 307-317, 341-345, 375-385, 405-435, 443-444, 472-488, 501-513, 529-548, 563-564, 572, 593-601
src\iatb\data\instrument.py                         69     27     14      0  50.60%   48-52, 72, 76, 80, 85, 89-106
src\iatb\data\instrument_master.py                 161    125     22      0  19.67%   68-70, 73-75, 78-90, 94-98, 102-129, 133-142, 146-165, 169-182, 188-201, 207-218, 222, 226-232, 238-252, 255-262, 266-269, 284-289, 295-298, 317, 334-336
src\iatb\data\jugaad_provider.py                   115     88     44      0  16.98%   32-36, 40-49, 61-92, 99, 103-111, 122-141, 144-159, 163-168, 172-189
src\iatb\data\kite_provider.py                     191    146     56      0  18.22%   73-76, 81-85, 90-94, 103-106, 111-121, 126-140, 187-202, 207-212, 217-225, 229-231, 257-277, 283-288, 300-302, 328-338, 348-378, 391-398, 427-448, 467-478, 494-526, 553-565
src\iatb\data\kite_ticker.py                         6      0      0      0 100.00%
src\iatb\data\kite_ws_provider.py                  512    398    132      0  17.70%   76-79, 83-91, 95-97, 101-102, 106-108, 112-113, 141-149, 153-155, 159-164, 168-181, 185-186, 190, 201-208, 214-228, 258-285, 304-315, 319-335, 350-376, 380-386, 390-412, 419-439, 443-451, 455-466, 482-500, 504-512, 524-533, 541, 545, 549, 557, 569, 577, 581-599, 603-606, 610-625, 638-640, 644-651, 655-660, 664, 668, 672, 676-677, 681-720, 724-745, 752-782, 789-800, 807-832, 842-844, 851-859, 863-867, 871, 875, 894-906, 913-942, 946-952, 970-982
src\iatb\data\market_data_cache.py                  75     39     12      1  42.53%   29-30, 88-101, 113-122, 126-131, 140-153, 162-166, 193-201
src\iatb\data\migration_provider.py                183    127     34      0  25.81%   63-67, 88-91, 101-111, 116-119, 131-140, 171-180, 191-205, 217-227, 243-260, 271, 300-330, 343-353, 367, 388, 411-421, 439-441, 450-454, 458-470, 488-501, 515-535, 539, 543, 547-560, 570-571
src\iatb\data\normalizer.py                         82     66     30      0  14.29%   22-25, 29-43, 47-76, 89-107, 120-139
src\iatb\data\openalgo_provider.py                 189    152     50      0  15.48%   35-45, 48-59, 62, 65-84, 87-93, 97-105, 109-113, 121-124, 128-136, 140-146, 161-170, 173-175, 186-199, 202-225, 228-239, 242-243, 247-271
src\iatb\data\price_reconciler.py                  126     84     46      0  24.42%   56-64, 79-81, 107, 127-150, 159-173, 183-188, 202-211, 220-247, 256-270, 288-316, 337-356, 365, 376-389, 399-407
src\iatb\data\provider_factory.py                  118     74     16      0  32.84%   88-96, 105-113, 121, 135-137, 141-152, 156, 166, 173, 200-210, 224-227, 245-248, 268-272, 291-298, 318-322, 342-351, 372-389, 424-437, 454-455
src\iatb\data\rate_limiter.py                      243     91     64     25  57.65%   78-79, 81-82, 90, 110-112, 123-127, 137->141, 156-175, 203, 208, 213, 257-259, 297-298, 300-301, 320-328, 340-342, 354-357, 364, 369, 439-440, 442-443, 445-446, 448-449, 451-452, 454-455, 457-458, 506-509, 516-518, 535, 540-552, 560-562, 564-566, 579-585
src\iatb\data\token_resolver.py                    190    161     52      0  11.98%   35-38, 43-52, 67-86, 125-127, 149-176, 198-219, 239-252, 263-297, 313-315, 331-360, 376-391, 399, 425-448, 459-466, 477-490, 501-507, 518-532
src\iatb\data\validator.py                          66     54     24      0  13.33%   16-18, 22-24, 28-30, 35-51, 56-72, 77-90
src\iatb\data\yfinance_provider.py                 146    110     46      0  18.75%   34-37, 41-46, 50-54, 65-68, 73-83, 87-94, 106-129, 136, 140-145, 156-166, 169-187, 191-198, 202-217, 221-237
src\iatb\execution\__init__.py                      10      0      0      0 100.00%
src\iatb\execution\base.py                          43     18     12      0  45.45%   24-32, 44-52
src\iatb\execution\ccxt_executor.py                 55     37     10      0  27.69%   25-26, 29-32, 35-36, 51-54, 58-63, 67-78, 82-85, 89-97, 101-107
src\iatb\execution\instrument_resolver.py           79     52     22      0  26.73%   56, 69-99, 110-123, 126-129, 134-141, 152-162, 168-170, 175
src\iatb\execution\live_executor.py                165    125     38      0  19.70%   92-109, 124-132, 144-163, 174-190, 202-210, 222-226, 238-244, 256-266, 277, 293, 308-317, 336-360, 378-398, 413-429, 443-448, 456-468, 479-484, 495-504
src\iatb\execution\live_gate.py                     67     41     12      0  32.91%   47-49, 58-61, 65-71, 79-84, 88, 105, 123-130, 134-147, 181-197, 229-235
src\iatb\execution\openalgo_executor.py             95     67     18      0  24.78%   38-42, 48-72, 75-85, 100-111, 116, 124-126, 131-136, 141-150, 155-170, 175-178, 183-192, 197-200
src\iatb\execution\order_manager.py                249    185     88      2  19.58%   48-49, 81, 90-95, 98-101, 105-112, 116-134, 138-143, 155-205, 208-210, 213-217, 220-223, 242-259, 273-278, 290-295, 308-328, 341-361, 373-376, 388-392, 401-402, 405-411, 414, 417-422, 436-483, 487-502, 509-540, 544-571
src\iatb\execution\order_throttle.py                29     15      8      1  40.54%   20-21, 28-44, 48
src\iatb\execution\paper_executor.py                64     37     14      2  37.18%   29-30, 43-55, 59-61, 67-80, 84-107, 118-121, 125-128
src\iatb\execution\pre_trade_validator.py           95     62     22      2  31.62%   53-54, 56-57, 68-74, 92-105, 109-115, 119-121, 125-128, 137-143, 151-155, 164-168, 180-183, 193-194, 231-240, 245, 258, 291
src\iatb\execution\strike_selector.py               83     56     24      0  25.23%   36-37, 47-50, 55-64, 71, 76-80, 87-90, 95-100, 110-114, 119-123, 127-132, 136-139, 143-150, 154
src\iatb\execution\token_helpers.py                 22     16     10      0  18.75%   21-33, 42-44
src\iatb\execution\trade_audit.py                   70     30      6      1  53.95%   27, 63-70, 80-109, 123-139, 143-150, 155
src\iatb\execution\transaction_costs.py             11      6      2      0  38.46%   12-15, 19-20
src\iatb\execution\zerodha_connection.py           245    181     72      0  20.19%   67-85, 102, 116-117, 126-132, 148-162, 165-182, 185-195, 198-205, 215-228, 231-235, 239-242, 247-256, 261-265, 269-270, 274-278, 282-286, 290-291, 295-299, 303-306, 310-316, 320-329, 333-338, 342-353, 360-372, 381-389, 393-397, 407-418
src\iatb\fastapi_app.py                            201    116     14      0  39.53%   44-46, 79-102, 127-143, 172-177, 194-196, 214-245, 262-267, 287-310, 358-375, 391-393, 410, 438-458, 478-503, 516-519, 542-549
src\iatb\market_strength\__init__.py                 5      0      0      0 100.00%
src\iatb\market_strength\breadth.py                 40     33     18      0  12.07%   13-19, 24-30, 41-51, 55-62
src\iatb\market_strength\indicators.py              82     58     20      0  23.53%   14-25, 29-35, 53-54, 58-62, 71-90, 110-114, 118-130
src\iatb\market_strength\regime_detector.py         91     57     18      0  31.19%   40-45, 53-80, 86-90, 96-105, 113-126, 129-138, 147-150
src\iatb\market_strength\strength_scorer.py        115     70     36      1  30.46%   60-62, 65-77, 80-85, 89-107, 113-114, 119-121, 126-130, 135-136, 140-142, 146-150, 154-160, 164-167, 171-174
src\iatb\market_strength\volume_profile.py          44     31     14      0  22.41%   27-42, 54-60, 68-76
src\iatb\ml\__init__.py                             12      0      0      0 100.00%
src\iatb\ml\base.py                                 37     22      8      0  33.33%   13-21, 33-45
src\iatb\ml\feature_engine.py                       94     77     22      0  14.66%   15-18, 27-35, 44-53, 63-90, 94-98, 102-104, 108-111, 115-120, 124-126, 130-140, 144-148, 152-156, 160
src\iatb\ml\gnn_model.py                            70     51     16      0  22.09%   23-27, 30-31, 39-46, 49-54, 59-63, 67-76, 84-95, 99-100, 104
src\iatb\ml\hmm_model.py                            63     47     16      0  20.25%   21-24, 31-32, 35-44, 47-54, 58-67, 71-76, 80-81, 85-89
src\iatb\ml\lstm_model.py                           67     46     12      0  26.58%   25-29, 32-33, 38-46, 49-54, 59-63, 67-73, 81-89, 93-94, 98
src\iatb\ml\model_registry.py                      180     62     22      8  62.38%   70-89, 106-107, 110-115, 166, 174-177, 190, 204-206, 236-237, 243-255, 285-289, 292-295, 347, 375-379, 390-396, 410->412
src\iatb\ml\predictor.py                            40     30     10      0  20.00%   15-19, 22-30, 36-44, 48-50, 54-58, 62
src\iatb\ml\readiness.py                            33     11      8      2  68.29%   45-48, 56-57, 91-95
src\iatb\ml\tracking.py                            207    157     68      0  18.18%   153-157, 165-194, 209-228, 236-254, 267-302, 310-317, 330-349, 357-365, 385-387, 395-398, 413-431, 447-472, 491-505, 516-526, 537-548, 564-570, 586-592
src\iatb\ml\trainer.py                              83     62     22      0  20.00%   28-29, 39-49, 53-61, 67-78, 84-86, 90-96, 105-122, 126-130
src\iatb\ml\transformer_model.py                    69     48     12      0  25.93%   24-28, 31-32, 35-43, 46-51, 56-60, 64-70, 74-75, 79-87, 91-92, 96
src\iatb\risk\__init__.py                           10      0      0      0 100.00%
src\iatb\risk\circuit_breaker.py                    29     15     10      0  35.90%   30-39, 61-71
src\iatb\risk\daily_loss_guard.py                   50     23     10      2  48.33%   38-39, 41-42, 51, 60-73, 77-84, 88-90
src\iatb\risk\kill_switch.py                        63     33     10      0  41.10%   50-54, 58, 62, 70, 74-91, 95-102, 106-108
src\iatb\risk\portfolio_risk.py                     43     29     10      0  26.42%   20-23, 27-31, 35-44, 52-55, 59-64
src\iatb\risk\position_limit_guard.py              222    164     66      0  20.14%   47-58, 96-114, 128-132, 144-153, 174-179, 199-213, 233-247, 265-278, 289, 323-346, 367-384, 404-406, 425-443, 447-453, 461-496, 507-514, 540, 572-589, 604-614, 634-635, 650-656, 664-670, 682-684, 693
src\iatb\risk\position_sizer.py                     94     78     40      0  11.94%   22-28, 35-54, 58-68, 76-88, 99-113, 117-128
src\iatb\risk\risk_disclosure.py                   102     68     26      0  26.56%   160-165, 181-196, 200-203, 209-218, 228-233, 246-251, 267-281, 285-288, 292-301, 305-306, 310-317, 326-328
src\iatb\risk\risk_pipeline.py                     165    115     42      0  24.15%   53-64, 111-113, 136-149, 166-192, 196-198, 202-204, 208-220, 224, 233-246, 257-260, 282-303, 325-347, 360-384, 389-391, 396-408
src\iatb\risk\risk_report.py                       148     84     38      0  34.41%   86-100, 115-118, 137-144, 160-161, 184-187, 199-202, 215-218, 235-240, 257-262, 271-282, 316-322, 345-359, 371-381, 393, 416-419, 441-443, 688
src\iatb\risk\sebi_compliance.py                    91     62     32      0  23.58%   39-46, 49-54, 57-58, 61, 66-71, 74-78, 81-86, 89-95, 100, 108-115, 131-149
src\iatb\risk\sebi_live_validator.py               111     62     24      0  36.30%   53-55, 69-72, 109-120, 128-145, 155-167, 177-186, 199-207, 217-232, 242-249, 259-264, 276-288, 301-303
src\iatb\risk\stop_loss.py                         138    107     38      0  17.61%   31-37, 57-60, 80-92, 108-118, 138-144, 167-182, 198-208, 227, 253-257, 269-274, 291-303, 316-323, 342-352, 368-381, 397-403, 428, 452-458, 476-483, 499-508, 537-549, 577-578, 600-603, 634-654
src\iatb\risk\trailing_stop.py                     137     96     48      0  22.16%   33-44, 60-64, 67-78, 82, 95-99, 102-113, 116, 123-126, 129-132, 144-156, 160-172, 175, 182-186, 189-199, 202
src\iatb\rl\__init__.py                              6      0      0      0 100.00%
src\iatb\rl\agent.py                               134    102     40      0  18.39%   32-34, 38, 41-53, 56-66, 73-78, 81-90, 93-98, 107-128, 132-134, 138-147, 151-154, 158-174, 183-193
src\iatb\rl\callbacks.py                            50     32     12      0  29.03%   26-34, 43-53, 57-65, 69-71
src\iatb\rl\environment.py                          99     69     26      0  24.00%   38-47, 50-53, 56-74, 82-93, 97-99, 103-109, 113-115, 124-127, 131-133, 137-139, 143
src\iatb\rl\optimizer.py                            96     74     28      0  17.74%   27-32, 35-53, 62-68, 72-76, 80-85, 89-93, 97-108, 112-123, 127-132
src\iatb\rl\reward.py                               83     64     18      0  18.81%   18-20, 36-41, 54-73, 86-110, 123-136, 154-165, 190-212, 225-231, 260, 303-323, 335-337
src\iatb\scanner\__init__.py                         2      0      0      0 100.00%
src\iatb\scanner\instrument_scanner.py             412    203     92     20  46.23%   74-75, 77-78, 80-81, 83-84, 86-87, 89-90, 115-117, 122-124, 172-183, 188-194, 283, 286-290, 308, 314-318, 342, 347-350, 358-359, 365-375, 389-390, 400, 410-411, 426, 440-453, 465-471, 492-501, 505-523, 527, 543, 545, 557, 566-578, 582-591, 601-604, 620-642, 646-658, 662-678, 684-692, 703-795, 799, 813-841, 850-853, 861-864, 872-875
src\iatb\scanner\scan_cycle.py                     328     95     38     17  68.31%   81-98, 121, 140, 174-175, 220, 222-226, 242-246, 291-295, 316-325, 357->362, 360, 457-461, 473-484, 503, 533-556, 580-583, 607-612, 676, 750-751, 755-756, 766-771, 838, 904-905, 949, 1066-1067, 1091, 1127, 1233-1242
src\iatb\selection\__init__.py                       0      0      0      0 100.00%
src\iatb\selection\_util.py                         29     19     10      0  25.64%   19, 30-35, 44-55
src\iatb\selection\composite_score.py               69     29     12      2  54.32%   23-24, 27-28, 87-92, 101-105, 112-118, 128-129, 133-146
src\iatb\selection\correlation_matrix.py            48     41     20      0  10.29%   18-28, 32-42, 52-69, 73-75
src\iatb\selection\decay.py                         34     24     10      0  22.73%   29-43, 47-52, 59-65
src\iatb\selection\drl_signal.py                   139     95     40      0  24.58%   47-56, 79-83, 88, 94-98, 103-109, 113-133, 144-155, 169-171, 176-178, 183-194, 199-207, 217-237
src\iatb\selection\fundamental_filter.py           219    157     78      0  20.88%   53-73, 91, 118-129, 140-149, 160-176, 187-214, 225-233, 244-253, 257-286, 296-299, 303, 307-332, 336-361, 365-368, 372-382, 386-393, 397-408, 412-423, 427-451, 455-466, 470-475
src\iatb\selection\ic_monitor.py                    53     35     14      0  26.87%   33-38, 52-60, 67-72, 80-89, 94-105
src\iatb\selection\instrument_scorer.py             61     22      4      0  60.00%   70-83, 91-94, 103-104, 111-112, 119-125, 141-142
src\iatb\selection\multi_factor_scorer.py          229    135     54      0  33.22%   82-89, 92, 146, 150-154, 164-182, 186-190, 199-242, 246-253, 257-264, 268-300, 304-311, 315-321, 325-328, 332-339, 345-346, 355-361, 378-386
src\iatb\selection\ranking.py                       66     32     18      3  44.05%   33-34, 36-37, 39-40, 56-64, 75, 83-90, 99-104, 108, 114
src\iatb\selection\sector_strength.py               21     16      6      0  18.52%   19-24, 32-41
src\iatb\selection\selection_bridge.py              49     28     18      2  37.31%   31-51, 58-62, 78-79, 81-82, 96-106
src\iatb\selection\selector_validator.py            50     32     14      0  28.12%   36-58, 71-80, 84-86
src\iatb\selection\sentiment_signal.py              50     25     12      0  40.32%   40-47, 63-65, 69-73, 77-85
src\iatb\selection\strength_signal.py               44     19      8      0  48.08%   41-47, 63-74
src\iatb\selection\technical_filter.py             239    169     90      0  21.28%   60-83, 101, 125-133, 144-148, 159-168, 179-188, 199-218, 229-238, 249-258, 269-282, 293-302, 306-344, 354-357, 361, 365-380, 384-391, 395-406, 416-436, 442-452, 456-467, 471-485, 489-519
src\iatb\selection\volume_profile_signal.py         97     56     26      0  33.33%   65-77, 96-104, 109-111, 119-121, 126-131, 136-139, 144-146, 151-153, 157-168
src\iatb\selection\weight_optimizer.py             111     80     22      0  23.31%   55-62, 73-80, 101-115, 128-137, 141-150, 163-171, 175-179, 183-188, 192-196, 200-204, 208-217, 227-232
src\iatb\sentiment\__init__.py                       8      0      0      0 100.00%
src\iatb\sentiment\aggregator.py                    75     45     10      0  35.29%   45-53, 73-78, 92-100, 114-122, 137-150, 169, 188-193, 199-211, 214-217
src\iatb\sentiment\aion_analyzer.py                 24     13      6      0  36.67%   24-37
src\iatb\sentiment\base.py                          46     29     14      0  28.33%   13-21, 26-30, 43-57
src\iatb\sentiment\finbert_analyzer.py              22     11      6      0  39.29%   28-39
src\iatb\sentiment\helpers.py                       72     46     22      3  32.98%   22-24, 28, 31-35, 42-55, 62-68, 71-72, 77-80, 87-92, 100-111
src\iatb\sentiment\news_analyzer.py                133     80     30      0  32.52%   90-101, 130, 134-155, 169-173, 177-188, 192-197, 213-221, 225-237, 241-255, 259, 274, 278-281, 285
src\iatb\sentiment\news_scraper.py                 100     69     22      0  25.41%   46-51, 55-67, 83-90, 93-103, 106-115, 118-125, 135-139, 143-149, 152-158
src\iatb\sentiment\recency_weighting.py             34     26     12      0  17.39%   22-36, 40-54
src\iatb\sentiment\social_sentiment.py             169    106     44      0  29.58%   102-117, 147, 151-174, 189-193, 197-211, 215-219, 238-246, 250-264, 268-272, 276-284, 288-291, 298-312, 316, 332, 336-339, 343
src\iatb\sentiment\vader_analyzer.py                37     24      6      0  30.23%   23-32, 41-42, 45-56
src\iatb\sentiment\volume_filter.py                 11      7      4      0  26.67%   17-23
src\iatb\storage\__init__.py                         8      0      0      0 100.00%
src\iatb\storage\audit_exporter.py                 201    134     42      0  27.57%   52-55, 70-75, 100, 123-126, 134-150, 165-181, 196-212, 228-236, 240-257, 265-280, 288-289, 294-307, 315-348, 358-387, 394-426, 431-450, 458-497
src\iatb\storage\audit_scheduler.py                117     76     32      0  27.52%   46-51, 76-81, 85-96, 106, 117-160, 164-179, 183-194, 201-218, 222-241, 245-246, 250-263
src\iatb\storage\backup.py                         263    198     64      0  19.88%   22-24, 28-30, 34-38, 53, 85, 89-110, 120-143, 153-167, 171-182, 185-190, 201-210, 214-222, 225-234, 237-250, 253-260, 263-273, 276-284, 287-295, 298-306, 309-318, 322, 334-344, 361-383, 390-406
src\iatb\storage\duckdb_store.py                   266    233     92      0   9.22%   19-32, 39-42, 45-49, 52-53, 56-67, 70-76, 79-98, 101-144, 155-171, 181-193, 197-208, 227-247, 256-296, 306-351, 360-409, 419-452, 461-536, 539-545, 548-570, 581-603
src\iatb\storage\git_sync.py                        52     30      6      0  37.93%   27, 30, 40-46, 49-51, 54-56, 59-60, 69-80, 89
src\iatb\storage\parquet_store.py                   84     57     12      0  28.12%   18-31, 38, 42, 45-51, 54, 64-75, 78-83, 86-89, 93-95, 99, 113-128, 132
src\iatb\storage\sqlite_store.py                   101     57     16      1  38.46%   24-26, 30, 49-53, 59, 74-81, 85-89, 108-109, 145-159, 162-171, 174-187, 190-204
src\iatb\strategies\__init__.py                      7      0      0      0 100.00%
src\iatb\strategies\base.py                         66     26     10      0  52.63%   57-58, 62, 65, 68-74, 77-78, 81-82, 85-89, 106-109, 120, 124
src\iatb\strategies\breakout.py                     41     22     10      0  37.25%   26-27, 34-42, 51-55, 59-68
src\iatb\strategies\ensemble.py                     54     38     22      0  21.05%   23-24, 31-44, 55-72, 76-80
src\iatb\strategies\mean_reversion.py               40     21     10      0  38.00%   26-27, 34-42, 51-55, 59-63
src\iatb\strategies\momentum.py                     41     23      8      0  36.73%   32-35, 42-48, 56-62, 66-70
src\iatb\strategies\sentiment_driven.py             33     17     10      0  37.21%   25-26, 33-42, 51-55
src\iatb\visualization\__init__.py                   6      0      0      0 100.00%
src\iatb\visualization\alerts.py                    51     39     14      0  18.46%   48-57, 62-75, 79-93
src\iatb\visualization\breakout_scanner.py         126     78     36      0  29.63%   29-42, 55-60, 78-86, 104-117, 127-139, 157-167, 184-206, 223-224, 234-239, 244-249
src\iatb\visualization\charts.py                    74     59     14      0  17.05%   17-31, 35-45, 49-53, 57, 71, 75, 79-83, 88, 92-97, 101-106, 110-118
src\iatb\visualization\dashboard.py                174    125     62      4  24.15%   38-53, 83-118, 137-165, 174-198, 203-240, 245-271, 284-303, 327->330, 332->334, 336-344, 361-378, 386-388, 394-396
src\iatb\visualization\deployment_dashboard.py      30     18      6      0  33.33%   27-40, 63-71, 94, 115, 139, 158-165
src\iatb\visualization\portfolio_view.py            26     13      4      0  43.33%   20, 27-32, 41-46
---------------------------------------------------------------------------------------------
TOTAL                                            17371   9105   4258    190  42.20%
Coverage HTML written to dir htmlcov

FAIL Required test coverage of 90% not reached. Total coverage: 42.20%
=========================== short test summary info ===========================
FAILED tests/core/test_secrets_rotation.py::TestSecretMetadata::test_time_until_expiry
!!!!!!!!!!!!!!!!!!!!!!!!!! stopping after 1 failures !!!!!!!!!!!!!!!!!!!!!!!!!!
===== 1 failed, 1227 passed, 11 skipped, 13 warnings in 172.53s (0:02:52) =====
